Clock: i_clk
Sources: i_clk 
Generated: no
Virtual: yes
Propagated: no
Period: 32.000000

===========================================================================
report_clock_properties
============================================================================
Clock                   Period          Waveform
----------------------------------------------------
i_clk                32.000000    0.000000 16.000000

===========================================================================
report_clock_latency
============================================================================
Clock i_clk
rise -> rise
    min     max
0.000000 0.000000 source latency
0.579648         network latency _1190_/CLK
        0.596744 network latency _1229_/CLK
---------------
0.579648 0.596744 latency
        0.017097 skew

fall -> fall
    min     max
0.000000 0.000000 source latency
0.535069         network latency _1190_/CLK
        0.547391 network latency _1229_/CLK
---------------
0.535069 0.547391 latency
        0.012323 skew



===========================================================================
report_clock_min_period
============================================================================
i_clk period_min = 3.26 fmax = 307.22
