
===========================================================================
 report_power
============================================================================
======================= max_tt_025C_1v80 Corner ===================================

Group                    Internal    Switching      Leakage        Total
                            Power        Power        Power        Power (Watts)
------------------------------------------------------------------------
Sequential           2.680418e-04 9.979240e-07 2.459132e-09 2.690422e-04  53.3%
Combinational        1.758100e-05 1.685135e-05 3.492178e-09 3.443585e-05   6.8%
Clock                1.057323e-04 9.554643e-05 4.904156e-09 2.012836e-04  39.9%
Macro                0.000000e+00 0.000000e+00 0.000000e+00 0.000000e+00   0.0%
Pad                  0.000000e+00 0.000000e+00 0.000000e+00 0.000000e+00   0.0%
------------------------------------------------------------------------
Total                3.913550e-04 1.133957e-04 1.085552e-08 5.047616e-04 100.0%
                            77.5%        22.5%         0.0%

