157. Printing statistics.

=== i2c_master_controller_top ===

        +----------Local Count, excluding submodules.
        |        +-Local Area, excluding submodules.
        |        | 
      871        - wires
     1065        - wire bits
      109        - public wires
      295        - public wire bits
       16        - ports
       69        - port bits
      986  5526.55 cells
      163        -   $_ANDNOT_
       44        -   $_AND_
      109        -   $_MUX_
       34        -   $_NAND_
       15        -   $_NOR_
      113        -   $_NOT_
       25        -   $_ORNOT_
      187        -   $_OR_
       10        -   $_XNOR_
       73        -   $_XOR_
      189 4.97E+03   sky130_fd_sc_hd__dfrtp_2
       14  367.853   sky130_fd_sc_hd__dfstp_2
        8  170.163   sky130_fd_sc_hd__dfxtp_2
        2   22.522   sky130_fd_sc_hd__ebufn_2

   Area for cell type $_ANDNOT_ is unknown!
   Area for cell type $_AND_ is unknown!
   Area for cell type $_MUX_ is unknown!
   Area for cell type $_NAND_ is unknown!
   Area for cell type $_NOR_ is unknown!
   Area for cell type $_NOT_ is unknown!
   Area for cell type $_ORNOT_ is unknown!
   Area for cell type $_OR_ is unknown!
   Area for cell type $_XNOR_ is unknown!
   Area for cell type $_XOR_ is unknown!

   Chip area for module '\i2c_master_controller_top': 5526.550400
     of which used for sequential elements: 5504.028800 (99.59%)

