151. Printing statistics.

=== i2c_master_controller_top ===

        +----------Local Count, excluding submodules.
        | 
      681 wires
      875 wire bits
      109 public wires
      295 public wire bits
       16 ports
       69 port bits
      802 cells
      163   $_ANDNOT_
       44   $_AND_
       65   $_DFFE_PN0P_
        1   $_DFFE_PN1P_
        2   $_DFFE_PP0N_
       12   $_DFFE_PP0P_
        8   $_DFFE_PP_
       39   $_DFF_PN0_
        4   $_DFF_PN1_
       71   $_DFF_PP0_
        9   $_DFF_PP1_
       21   $_MUX_
       34   $_NAND_
       15   $_NOR_
       17   $_NOT_
       25   $_ORNOT_
      187   $_OR_
        2   $_TBUF_
       10   $_XNOR_
       73   $_XOR_

   Area for cell type $_ANDNOT_ is unknown!
   Area for cell type $_AND_ is unknown!
   Area for cell type $_DFFE_PN0P_ is unknown!
   Area for cell type $_DFFE_PN1P_ is unknown!
   Area for cell type $_DFFE_PP0N_ is unknown!
   Area for cell type $_DFFE_PP0P_ is unknown!
   Area for cell type $_DFFE_PP_ is unknown!
   Area for cell type $_DFF_PN0_ is unknown!
   Area for cell type $_DFF_PN1_ is unknown!
   Area for cell type $_DFF_PP0_ is unknown!
   Area for cell type $_DFF_PP1_ is unknown!
   Area for cell type $_MUX_ is unknown!
   Area for cell type $_NAND_ is unknown!
   Area for cell type $_NOR_ is unknown!
   Area for cell type $_NOT_ is unknown!
   Area for cell type $_ORNOT_ is unknown!
   Area for cell type $_OR_ is unknown!
   Area for cell type $_TBUF_ is unknown!
   Area for cell type $_XNOR_ is unknown!
   Area for cell type $_XOR_ is unknown!

