165. Printing statistics.

=== i2c_master_controller_top ===

        +----------Local Count, excluding submodules.
        |        +-Local Area, excluding submodules.
        |        | 
      752        - wires
      805        - wire bits
      219        - public wires
      272        - public wire bits
       16        - ports
       69        - port bits
      758 1.02E+04 cells
        1   12.512   sky130_fd_sc_hd__a2111o_2
        1    10.01   sky130_fd_sc_hd__a211o_2
        5    62.56   sky130_fd_sc_hd__a211oi_2
        1    10.01   sky130_fd_sc_hd__a21bo_2
       24  210.202   sky130_fd_sc_hd__a21o_2
       25   218.96   sky130_fd_sc_hd__a21oi_2
        6   67.565   sky130_fd_sc_hd__a221o_2
        1   15.014   sky130_fd_sc_hd__a221oi_2
       23  230.221   sky130_fd_sc_hd__a22o_2
        2   22.522   sky130_fd_sc_hd__a2bb2o_2
        1   11.261   sky130_fd_sc_hd__a311o_2
       10   87.584   sky130_fd_sc_hd__a31o_2
        1   11.261   sky130_fd_sc_hd__a32o_2
       14  105.101   sky130_fd_sc_hd__and2_2
       10   87.584   sky130_fd_sc_hd__and2b_2
       28  210.202   sky130_fd_sc_hd__and3_2
       11  110.106   sky130_fd_sc_hd__and3b_2
       15  150.144   sky130_fd_sc_hd__and4_2
        1    3.754   sky130_fd_sc_hd__buf_1
        6   30.029   sky130_fd_sc_hd__buf_2
        4   15.014   sky130_fd_sc_hd__conb_1
      189 4.97E+03   sky130_fd_sc_hd__dfrtp_2
       14  367.853   sky130_fd_sc_hd__dfstp_2
        8  170.163   sky130_fd_sc_hd__dfxtp_2
        2   22.522   sky130_fd_sc_hd__ebufn_2
       43  161.405   sky130_fd_sc_hd__inv_2
       55  619.344   sky130_fd_sc_hd__mux2_1
       29  181.424   sky130_fd_sc_hd__nand2_2
        2   17.517   sky130_fd_sc_hd__nand2b_2
        1    10.01   sky130_fd_sc_hd__nand3_2
        1   12.512   sky130_fd_sc_hd__nand4_2
       20   125.12   sky130_fd_sc_hd__nor2_2
        9   90.086   sky130_fd_sc_hd__nor3_2
        1   12.512   sky130_fd_sc_hd__o2111a_2
        1    10.01   sky130_fd_sc_hd__o211a_2
      110  963.424   sky130_fd_sc_hd__o21a_2
       11   96.342   sky130_fd_sc_hd__o21ai_2
        1    10.01   sky130_fd_sc_hd__o21ba_2
        2   22.522   sky130_fd_sc_hd__o221a_2
        4   40.038   sky130_fd_sc_hd__o22a_2
        2   22.522   sky130_fd_sc_hd__o2bb2a_2
        2   20.019   sky130_fd_sc_hd__o31a_2
        1   11.261   sky130_fd_sc_hd__o32a_2
       25    156.4   sky130_fd_sc_hd__or2_2
        3   22.522   sky130_fd_sc_hd__or3_2
        1    8.758   sky130_fd_sc_hd__or3b_2
        7   61.309   sky130_fd_sc_hd__or4_2
        4   40.038   sky130_fd_sc_hd__or4b_2
       13  211.453   sky130_fd_sc_hd__xnor2_2
        7  113.859   sky130_fd_sc_hd__xor2_2

   Chip area for module '\i2c_master_controller_top': 10248.579200
     of which used for sequential elements: 5504.028800 (53.71%)

