
===========================================================================
report_checks -unconstrained
===========================================================================
======================= nom_ff_n40C_1v95 Corner ===================================

Startpoint: i_rst_n (input port clocked by i_clk)
Endpoint: _1070_ (recovery check against rising-edge clock i_clk)
Path Group: asynchronous
Path Type: max

Fanout         Cap        Slew       Delay        Time   Description
---------------------------------------------------------------------------------------------
                      0.150000    0.000000    0.000000   clock i_clk (rise edge)
                                  0.000000    0.000000   clock network delay (ideal)
                                  6.000000    6.000000 ^ input external delay
   203    0.637442    2.137063    1.491615    7.491615 ^ i_rst_n (in)
                                                         i_rst_n (net)
                      2.137063    0.000000    7.491615 ^ _1070_/RESET_B (sky130_fd_sc_hd__dfrtp_2)
                                              7.491615   data arrival time

                      0.150000   32.000000   32.000000   clock i_clk (rise edge)
                                  0.000000   32.000000   clock network delay (ideal)
                                 -0.250000   31.750000   clock uncertainty
                                  0.000000   31.750000   clock reconvergence pessimism
                                             31.750000 ^ _1070_/CLK (sky130_fd_sc_hd__dfrtp_2)
                                 -0.433522   31.316475   library recovery time
                                             31.316475   data required time
---------------------------------------------------------------------------------------------
                                             31.316475   data required time
                                             -7.491615   data arrival time
---------------------------------------------------------------------------------------------
                                             23.824862   slack (MET)


Startpoint: i_clk_div_lsb[2] (input port clocked by i_clk)
Endpoint: _1209_ (rising edge-triggered flip-flop clocked by i_clk)
Path Group: i_clk
Path Type: max

Fanout         Cap        Slew       Delay        Time   Description
---------------------------------------------------------------------------------------------
                      0.150000    0.000000    0.000000   clock i_clk (rise edge)
                                  0.000000    0.000000   clock network delay (ideal)
                                  6.000000    6.000000 v input external delay
     4    0.016529    0.026863    0.017141    6.017141 v i_clk_div_lsb[2] (in)
                                                         i_clk_div_lsb[2] (net)
                      0.026863    0.000000    6.017141 v _0624_/A2 (sky130_fd_sc_hd__a2111o_2)
     4    0.017793    0.075606    0.317692    6.334833 v _0624_/X (sky130_fd_sc_hd__a2111o_2)
                                                         _0342_ (net)
                      0.075606    0.000000    6.334833 v _0628_/C (sky130_fd_sc_hd__or3_2)
     3    0.009938    0.068667    0.263964    6.598798 v _0628_/X (sky130_fd_sc_hd__or3_2)
                                                         _0344_ (net)
                      0.068667    0.000000    6.598798 v _0631_/B (sky130_fd_sc_hd__or2_2)
     2    0.012322    0.057137    0.195355    6.794153 v _0631_/X (sky130_fd_sc_hd__or2_2)
                                                         _0346_ (net)
                      0.057137    0.000000    6.794153 v _0634_/B (sky130_fd_sc_hd__xnor2_2)
     1    0.002059    0.028098    0.084373    6.878526 v _0634_/Y (sky130_fd_sc_hd__xnor2_2)
                                                         _0098_ (net)
                      0.028098    0.000000    6.878526 v _1209_/D (sky130_fd_sc_hd__dfrtp_2)
                                              6.878526   data arrival time

                      0.150000   32.000000   32.000000   clock i_clk (rise edge)
                                  0.000000   32.000000   clock network delay (ideal)
                                 -0.250000   31.750000   clock uncertainty
                                  0.000000   31.750000   clock reconvergence pessimism
                                             31.750000 ^ _1209_/CLK (sky130_fd_sc_hd__dfrtp_2)
                                 -0.060924   31.689077   library setup time
                                             31.689077   data required time
---------------------------------------------------------------------------------------------
                                             31.689077   data required time
                                             -6.878526   data arrival time
---------------------------------------------------------------------------------------------
                                             24.810551   slack (MET)




===========================================================================
report_checks --slack_max -0.01
============================================================================
======================= nom_ff_n40C_1v95 Corner ===================================

No paths found.


===========================================================================
 report_check_types -max_slew -max_cap -max_fanout -violators
============================================================================
======================= nom_ff_n40C_1v95 Corner ===================================

max slew

Pin                                        Limit        Slew       Slack
------------------------------------------------------------------------
i_rst_n                                 0.750000    2.137063   -1.387063 (VIOLATED)
_0840_/B1                               0.750000    2.137063   -1.387063 (VIOLATED)
_0848_/C_N                              0.750000    2.137063   -1.387063 (VIOLATED)
_0976_/B1                               0.750000    2.137063   -1.387063 (VIOLATED)
_0977_/B1                               0.750000    2.137063   -1.387063 (VIOLATED)
_0978_/B1                               0.750000    2.137063   -1.387063 (VIOLATED)
_0979_/B1                               0.750000    2.137063   -1.387063 (VIOLATED)
_0980_/B1                               0.750000    2.137063   -1.387063 (VIOLATED)
_0981_/B1                               0.750000    2.137063   -1.387063 (VIOLATED)
_0982_/B1                               0.750000    2.137063   -1.387063 (VIOLATED)
_0983_/B1                               0.750000    2.137063   -1.387063 (VIOLATED)
_0984_/B1                               0.750000    2.137063   -1.387063 (VIOLATED)
_0985_/B1                               0.750000    2.137063   -1.387063 (VIOLATED)
_0986_/B1                               0.750000    2.137063   -1.387063 (VIOLATED)
_0987_/B1                               0.750000    2.137063   -1.387063 (VIOLATED)
_0988_/B1                               0.750000    2.137063   -1.387063 (VIOLATED)
_0989_/B1                               0.750000    2.137063   -1.387063 (VIOLATED)
_0990_/B1                               0.750000    2.137063   -1.387063 (VIOLATED)
_0991_/B1                               0.750000    2.137063   -1.387063 (VIOLATED)
_0992_/B1                               0.750000    2.137063   -1.387063 (VIOLATED)
_0993_/B1                               0.750000    2.137063   -1.387063 (VIOLATED)
_0994_/B1                               0.750000    2.137063   -1.387063 (VIOLATED)
_0995_/B1                               0.750000    2.137063   -1.387063 (VIOLATED)
_0996_/B1                               0.750000    2.137063   -1.387063 (VIOLATED)
_0997_/B1                               0.750000    2.137063   -1.387063 (VIOLATED)
_0998_/B1                               0.750000    2.137063   -1.387063 (VIOLATED)
_0999_/B1                               0.750000    2.137063   -1.387063 (VIOLATED)
_1000_/B1                               0.750000    2.137063   -1.387063 (VIOLATED)
_1001_/B1                               0.750000    2.137063   -1.387063 (VIOLATED)
_1002_/B1                               0.750000    2.137063   -1.387063 (VIOLATED)
_1003_/B1                               0.750000    2.137063   -1.387063 (VIOLATED)
_1004_/B1                               0.750000    2.137063   -1.387063 (VIOLATED)
_1005_/B1                               0.750000    2.137063   -1.387063 (VIOLATED)
_1006_/B1                               0.750000    2.137063   -1.387063 (VIOLATED)
_1007_/B1                               0.750000    2.137063   -1.387063 (VIOLATED)
_1008_/B1                               0.750000    2.137063   -1.387063 (VIOLATED)
_1009_/B1                               0.750000    2.137063   -1.387063 (VIOLATED)
_1010_/B1                               0.750000    2.137063   -1.387063 (VIOLATED)
_1011_/B1                               0.750000    2.137063   -1.387063 (VIOLATED)
_1012_/B1                               0.750000    2.137063   -1.387063 (VIOLATED)
_1013_/B1                               0.750000    2.137063   -1.387063 (VIOLATED)
_1014_/B1                               0.750000    2.137063   -1.387063 (VIOLATED)
_1015_/B1                               0.750000    2.137063   -1.387063 (VIOLATED)
_1016_/B1                               0.750000    2.137063   -1.387063 (VIOLATED)
_1017_/B1                               0.750000    2.137063   -1.387063 (VIOLATED)
_1018_/B1                               0.750000    2.137063   -1.387063 (VIOLATED)
_1019_/B1                               0.750000    2.137063   -1.387063 (VIOLATED)
_1020_/B1                               0.750000    2.137063   -1.387063 (VIOLATED)
_1021_/B1                               0.750000    2.137063   -1.387063 (VIOLATED)
_1022_/B1                               0.750000    2.137063   -1.387063 (VIOLATED)
_1023_/B1                               0.750000    2.137063   -1.387063 (VIOLATED)
_1024_/B1                               0.750000    2.137063   -1.387063 (VIOLATED)
_1025_/B1                               0.750000    2.137063   -1.387063 (VIOLATED)
_1026_/B1                               0.750000    2.137063   -1.387063 (VIOLATED)
_1027_/B1                               0.750000    2.137063   -1.387063 (VIOLATED)
_1028_/B1                               0.750000    2.137063   -1.387063 (VIOLATED)
_1029_/B1                               0.750000    2.137063   -1.387063 (VIOLATED)
_1030_/B1                               0.750000    2.137063   -1.387063 (VIOLATED)
_1031_/B1                               0.750000    2.137063   -1.387063 (VIOLATED)
_1032_/B1                               0.750000    2.137063   -1.387063 (VIOLATED)
_1033_/B1                               0.750000    2.137063   -1.387063 (VIOLATED)
_1034_/B1                               0.750000    2.137063   -1.387063 (VIOLATED)
_1035_/B1                               0.750000    2.137063   -1.387063 (VIOLATED)
_1036_/B1                               0.750000    2.137063   -1.387063 (VIOLATED)
_1037_/B1                               0.750000    2.137063   -1.387063 (VIOLATED)
_1038_/B1                               0.750000    2.137063   -1.387063 (VIOLATED)
_1039_/B1                               0.750000    2.137063   -1.387063 (VIOLATED)
_1040_/B1                               0.750000    2.137063   -1.387063 (VIOLATED)
_1041_/B1                               0.750000    2.137063   -1.387063 (VIOLATED)
_1042_/B1                               0.750000    2.137063   -1.387063 (VIOLATED)
_1043_/B1                               0.750000    2.137063   -1.387063 (VIOLATED)
_1044_/B1                               0.750000    2.137063   -1.387063 (VIOLATED)
_1045_/B1                               0.750000    2.137063   -1.387063 (VIOLATED)
_1046_/B1                               0.750000    2.137063   -1.387063 (VIOLATED)
_1047_/B1                               0.750000    2.137063   -1.387063 (VIOLATED)
_1048_/B1                               0.750000    2.137063   -1.387063 (VIOLATED)
_1049_/B1                               0.750000    2.137063   -1.387063 (VIOLATED)
_1050_/B1                               0.750000    2.137063   -1.387063 (VIOLATED)
_1051_/B1                               0.750000    2.137063   -1.387063 (VIOLATED)
_1052_/B1                               0.750000    2.137063   -1.387063 (VIOLATED)
_1053_/B1                               0.750000    2.137063   -1.387063 (VIOLATED)
_1054_/B1                               0.750000    2.137063   -1.387063 (VIOLATED)
_1055_/B1                               0.750000    2.137063   -1.387063 (VIOLATED)
_1056_/B1                               0.750000    2.137063   -1.387063 (VIOLATED)
_1057_/B1                               0.750000    2.137063   -1.387063 (VIOLATED)
_1058_/B1                               0.750000    2.137063   -1.387063 (VIOLATED)
_1059_/B1                               0.750000    2.137063   -1.387063 (VIOLATED)
_1060_/B1                               0.750000    2.137063   -1.387063 (VIOLATED)
_1061_/B1                               0.750000    2.137063   -1.387063 (VIOLATED)
_1062_/B1                               0.750000    2.137063   -1.387063 (VIOLATED)
_1063_/B1                               0.750000    2.137063   -1.387063 (VIOLATED)
_1064_/B1                               0.750000    2.137063   -1.387063 (VIOLATED)
_1065_/B1                               0.750000    2.137063   -1.387063 (VIOLATED)
_1066_/B1                               0.750000    2.137063   -1.387063 (VIOLATED)
_1067_/B1                               0.750000    2.137063   -1.387063 (VIOLATED)
_1070_/RESET_B                          0.750000    2.137063   -1.387063 (VIOLATED)
_1071_/RESET_B                          0.750000    2.137063   -1.387063 (VIOLATED)
_1072_/RESET_B                          0.750000    2.137063   -1.387063 (VIOLATED)
_1073_/RESET_B                          0.750000    2.137063   -1.387063 (VIOLATED)
_1074_/RESET_B                          0.750000    2.137063   -1.387063 (VIOLATED)
_1075_/RESET_B                          0.750000    2.137063   -1.387063 (VIOLATED)
_1076_/RESET_B                          0.750000    2.137063   -1.387063 (VIOLATED)
_1078_/RESET_B                          0.750000    2.137063   -1.387063 (VIOLATED)
_1079_/RESET_B                          0.750000    2.137063   -1.387063 (VIOLATED)
_1080_/RESET_B                          0.750000    2.137063   -1.387063 (VIOLATED)
_1081_/RESET_B                          0.750000    2.137063   -1.387063 (VIOLATED)
_1082_/RESET_B                          0.750000    2.137063   -1.387063 (VIOLATED)
_1083_/RESET_B                          0.750000    2.137063   -1.387063 (VIOLATED)
_1084_/RESET_B                          0.750000    2.137063   -1.387063 (VIOLATED)
_1085_/RESET_B                          0.750000    2.137063   -1.387063 (VIOLATED)
_1086_/RESET_B                          0.750000    2.137063   -1.387063 (VIOLATED)
_1087_/RESET_B                          0.750000    2.137063   -1.387063 (VIOLATED)
_1088_/RESET_B                          0.750000    2.137063   -1.387063 (VIOLATED)
_1089_/RESET_B                          0.750000    2.137063   -1.387063 (VIOLATED)
_1090_/RESET_B                          0.750000    2.137063   -1.387063 (VIOLATED)
_1091_/RESET_B                          0.750000    2.137063   -1.387063 (VIOLATED)
_1092_/RESET_B                          0.750000    2.137063   -1.387063 (VIOLATED)
_1093_/RESET_B                          0.750000    2.137063   -1.387063 (VIOLATED)
_1094_/RESET_B                          0.750000    2.137063   -1.387063 (VIOLATED)
_1095_/RESET_B                          0.750000    2.137063   -1.387063 (VIOLATED)
_1096_/RESET_B                          0.750000    2.137063   -1.387063 (VIOLATED)
_1097_/SET_B                            0.750000    2.137063   -1.387063 (VIOLATED)
_1106_/RESET_B                          0.750000    2.137063   -1.387063 (VIOLATED)
_1107_/RESET_B                          0.750000    2.137063   -1.387063 (VIOLATED)
_1108_/RESET_B                          0.750000    2.137063   -1.387063 (VIOLATED)
_1109_/RESET_B                          0.750000    2.137063   -1.387063 (VIOLATED)
_1110_/RESET_B                          0.750000    2.137063   -1.387063 (VIOLATED)
_1111_/RESET_B                          0.750000    2.137063   -1.387063 (VIOLATED)
_1112_/RESET_B                          0.750000    2.137063   -1.387063 (VIOLATED)
_1113_/RESET_B                          0.750000    2.137063   -1.387063 (VIOLATED)
_1114_/RESET_B                          0.750000    2.137063   -1.387063 (VIOLATED)
_1115_/RESET_B                          0.750000    2.137063   -1.387063 (VIOLATED)
_1116_/RESET_B                          0.750000    2.137063   -1.387063 (VIOLATED)
_1117_/RESET_B                          0.750000    2.137063   -1.387063 (VIOLATED)
_1118_/RESET_B                          0.750000    2.137063   -1.387063 (VIOLATED)
_1119_/RESET_B                          0.750000    2.137063   -1.387063 (VIOLATED)
_1120_/RESET_B                          0.750000    2.137063   -1.387063 (VIOLATED)
_1121_/RESET_B                          0.750000    2.137063   -1.387063 (VIOLATED)
_1122_/RESET_B                          0.750000    2.137063   -1.387063 (VIOLATED)
_1123_/RESET_B                          0.750000    2.137063   -1.387063 (VIOLATED)
_1124_/RESET_B                          0.750000    2.137063   -1.387063 (VIOLATED)
_1125_/RESET_B                          0.750000    2.137063   -1.387063 (VIOLATED)
_1126_/RESET_B                          0.750000    2.137063   -1.387063 (VIOLATED)
_1127_/RESET_B                          0.750000    2.137063   -1.387063 (VIOLATED)
_1128_/RESET_B                          0.750000    2.137063   -1.387063 (VIOLATED)
_1159_/SET_B                            0.750000    2.137063   -1.387063 (VIOLATED)
_1160_/RESET_B                          0.750000    2.137063   -1.387063 (VIOLATED)
_1161_/RESET_B                          0.750000    2.137063   -1.387063 (VIOLATED)
_1162_/RESET_B                          0.750000    2.137063   -1.387063 (VIOLATED)
_1163_/RESET_B                          0.750000    2.137063   -1.387063 (VIOLATED)
_1164_/RESET_B                          0.750000    2.137063   -1.387063 (VIOLATED)
_1165_/RESET_B                          0.750000    2.137063   -1.387063 (VIOLATED)
_1166_/RESET_B                          0.750000    2.137063   -1.387063 (VIOLATED)
_1167_/RESET_B                          0.750000    2.137063   -1.387063 (VIOLATED)
_1168_/RESET_B                          0.750000    2.137063   -1.387063 (VIOLATED)
_1169_/SET_B                            0.750000    2.137063   -1.387063 (VIOLATED)
_1170_/RESET_B                          0.750000    2.137063   -1.387063 (VIOLATED)
_1171_/SET_B                            0.750000    2.137063   -1.387063 (VIOLATED)
_1172_/RESET_B                          0.750000    2.137063   -1.387063 (VIOLATED)
_1173_/RESET_B                          0.750000    2.137063   -1.387063 (VIOLATED)
_1174_/RESET_B                          0.750000    2.137063   -1.387063 (VIOLATED)
_1175_/RESET_B                          0.750000    2.137063   -1.387063 (VIOLATED)
_1176_/RESET_B                          0.750000    2.137063   -1.387063 (VIOLATED)
_1177_/RESET_B                          0.750000    2.137063   -1.387063 (VIOLATED)
_1178_/RESET_B                          0.750000    2.137063   -1.387063 (VIOLATED)
_1179_/RESET_B                          0.750000    2.137063   -1.387063 (VIOLATED)
_1180_/RESET_B                          0.750000    2.137063   -1.387063 (VIOLATED)
_1181_/RESET_B                          0.750000    2.137063   -1.387063 (VIOLATED)
_1182_/RESET_B                          0.750000    2.137063   -1.387063 (VIOLATED)
_1183_/RESET_B                          0.750000    2.137063   -1.387063 (VIOLATED)
_1184_/RESET_B                          0.750000    2.137063   -1.387063 (VIOLATED)
_1185_/RESET_B                          0.750000    2.137063   -1.387063 (VIOLATED)
_1186_/RESET_B                          0.750000    2.137063   -1.387063 (VIOLATED)
_1187_/RESET_B                          0.750000    2.137063   -1.387063 (VIOLATED)
_1188_/RESET_B                          0.750000    2.137063   -1.387063 (VIOLATED)
_1189_/RESET_B                          0.750000    2.137063   -1.387063 (VIOLATED)
_1190_/RESET_B                          0.750000    2.137063   -1.387063 (VIOLATED)
_1191_/RESET_B                          0.750000    2.137063   -1.387063 (VIOLATED)
_1192_/RESET_B                          0.750000    2.137063   -1.387063 (VIOLATED)
_1193_/RESET_B                          0.750000    2.137063   -1.387063 (VIOLATED)
_1194_/RESET_B                          0.750000    2.137063   -1.387063 (VIOLATED)
_1195_/RESET_B                          0.750000    2.137063   -1.387063 (VIOLATED)
_1196_/SET_B                            0.750000    2.137063   -1.387063 (VIOLATED)
_1197_/RESET_B                          0.750000    2.137063   -1.387063 (VIOLATED)
_1198_/RESET_B                          0.750000    2.137063   -1.387063 (VIOLATED)
_1260_/RESET_B                          0.750000    2.137063   -1.387063 (VIOLATED)
_1261_/RESET_B                          0.750000    2.137063   -1.387063 (VIOLATED)
_1262_/RESET_B                          0.750000    2.137063   -1.387063 (VIOLATED)
_1263_/RESET_B                          0.750000    2.137063   -1.387063 (VIOLATED)
_1264_/RESET_B                          0.750000    2.137063   -1.387063 (VIOLATED)
_1265_/RESET_B                          0.750000    2.137063   -1.387063 (VIOLATED)
_1266_/RESET_B                          0.750000    2.137063   -1.387063 (VIOLATED)
_1267_/RESET_B                          0.750000    2.137063   -1.387063 (VIOLATED)
_1268_/RESET_B                          0.750000    2.137063   -1.387063 (VIOLATED)
_1269_/RESET_B                          0.750000    2.137063   -1.387063 (VIOLATED)
_1270_/RESET_B                          0.750000    2.137063   -1.387063 (VIOLATED)
_1271_/RESET_B                          0.750000    2.137063   -1.387063 (VIOLATED)
_1272_/RESET_B                          0.750000    2.137063   -1.387063 (VIOLATED)
_1273_/RESET_B                          0.750000    2.137063   -1.387063 (VIOLATED)
_1274_/RESET_B                          0.750000    2.137063   -1.387063 (VIOLATED)
_1275_/RESET_B                          0.750000    2.137063   -1.387063 (VIOLATED)
_1276_/RESET_B                          0.750000    2.137063   -1.387063 (VIOLATED)
_1277_/RESET_B                          0.750000    2.137063   -1.387063 (VIOLATED)
_1278_/RESET_B                          0.750000    2.137063   -1.387063 (VIOLATED)
_0840_/A2                               0.750000    0.849226   -0.099226 (VIOLATED)
_0976_/A2                               0.750000    0.849226   -0.099226 (VIOLATED)
_0977_/A2                               0.750000    0.849226   -0.099226 (VIOLATED)
_0978_/A2                               0.750000    0.849226   -0.099226 (VIOLATED)
_0979_/A2                               0.750000    0.849226   -0.099226 (VIOLATED)
_0980_/A2                               0.750000    0.849226   -0.099226 (VIOLATED)
_0981_/A2                               0.750000    0.849226   -0.099226 (VIOLATED)
_0982_/A2                               0.750000    0.849226   -0.099226 (VIOLATED)
_0983_/A2                               0.750000    0.849226   -0.099226 (VIOLATED)
_0984_/A2                               0.750000    0.849226   -0.099226 (VIOLATED)
_0985_/A2                               0.750000    0.849226   -0.099226 (VIOLATED)
_0986_/A2                               0.750000    0.849226   -0.099226 (VIOLATED)
_0987_/A2                               0.750000    0.849226   -0.099226 (VIOLATED)
_0988_/A2                               0.750000    0.849226   -0.099226 (VIOLATED)
_0989_/A2                               0.750000    0.849226   -0.099226 (VIOLATED)
_0990_/A2                               0.750000    0.849226   -0.099226 (VIOLATED)
_0991_/A2                               0.750000    0.849226   -0.099226 (VIOLATED)
_0992_/A2                               0.750000    0.849226   -0.099226 (VIOLATED)
_0993_/A2                               0.750000    0.849226   -0.099226 (VIOLATED)
_0994_/A2                               0.750000    0.849226   -0.099226 (VIOLATED)
_0995_/A2                               0.750000    0.849226   -0.099226 (VIOLATED)
_0996_/A2                               0.750000    0.849226   -0.099226 (VIOLATED)
_0997_/A2                               0.750000    0.849226   -0.099226 (VIOLATED)
_0998_/A2                               0.750000    0.849226   -0.099226 (VIOLATED)
_0999_/A2                               0.750000    0.849226   -0.099226 (VIOLATED)
_1000_/A2                               0.750000    0.849226   -0.099226 (VIOLATED)
_1001_/A2                               0.750000    0.849226   -0.099226 (VIOLATED)
_1002_/A2                               0.750000    0.849226   -0.099226 (VIOLATED)
_1003_/A2                               0.750000    0.849226   -0.099226 (VIOLATED)
_1004_/A2                               0.750000    0.849226   -0.099226 (VIOLATED)
_1005_/A2                               0.750000    0.849226   -0.099226 (VIOLATED)
_1006_/A2                               0.750000    0.849226   -0.099226 (VIOLATED)
_1007_/A2                               0.750000    0.849226   -0.099226 (VIOLATED)
_1008_/A2                               0.750000    0.849226   -0.099226 (VIOLATED)
_1009_/A2                               0.750000    0.849226   -0.099226 (VIOLATED)
_1010_/A2                               0.750000    0.849226   -0.099226 (VIOLATED)
_1011_/A2                               0.750000    0.849226   -0.099226 (VIOLATED)
_1012_/A2                               0.750000    0.849226   -0.099226 (VIOLATED)
_1013_/A2                               0.750000    0.849226   -0.099226 (VIOLATED)
_1014_/A2                               0.750000    0.849226   -0.099226 (VIOLATED)
_1015_/A2                               0.750000    0.849226   -0.099226 (VIOLATED)
_1016_/A2                               0.750000    0.849226   -0.099226 (VIOLATED)
_1017_/A2                               0.750000    0.849226   -0.099226 (VIOLATED)
_1018_/A2                               0.750000    0.849226   -0.099226 (VIOLATED)
_1019_/A2                               0.750000    0.849226   -0.099226 (VIOLATED)
_1020_/A2                               0.750000    0.849226   -0.099226 (VIOLATED)
_1021_/A2                               0.750000    0.849226   -0.099226 (VIOLATED)
_1022_/A2                               0.750000    0.849226   -0.099226 (VIOLATED)
_1023_/A2                               0.750000    0.849226   -0.099226 (VIOLATED)
_1024_/A2                               0.750000    0.849226   -0.099226 (VIOLATED)
_1025_/A2                               0.750000    0.849226   -0.099226 (VIOLATED)
_1026_/A2                               0.750000    0.849226   -0.099226 (VIOLATED)
_1027_/A2                               0.750000    0.849226   -0.099226 (VIOLATED)
_1028_/A2                               0.750000    0.849226   -0.099226 (VIOLATED)
_1029_/A2                               0.750000    0.849226   -0.099226 (VIOLATED)
_1030_/A2                               0.750000    0.849226   -0.099226 (VIOLATED)
_1031_/A2                               0.750000    0.849226   -0.099226 (VIOLATED)
_1032_/A2                               0.750000    0.849226   -0.099226 (VIOLATED)
_1033_/A2                               0.750000    0.849226   -0.099226 (VIOLATED)
_1034_/A2                               0.750000    0.849226   -0.099226 (VIOLATED)
_1035_/A2                               0.750000    0.849226   -0.099226 (VIOLATED)
_1036_/A2                               0.750000    0.849226   -0.099226 (VIOLATED)
_1037_/A2                               0.750000    0.849226   -0.099226 (VIOLATED)
_1038_/A2                               0.750000    0.849226   -0.099226 (VIOLATED)
_1039_/A2                               0.750000    0.849226   -0.099226 (VIOLATED)
_1040_/A2                               0.750000    0.849226   -0.099226 (VIOLATED)
_1041_/A2                               0.750000    0.849226   -0.099226 (VIOLATED)
_1042_/A2                               0.750000    0.849226   -0.099226 (VIOLATED)
_1043_/A2                               0.750000    0.849226   -0.099226 (VIOLATED)
_1044_/A2                               0.750000    0.849226   -0.099226 (VIOLATED)
_1045_/A2                               0.750000    0.849226   -0.099226 (VIOLATED)
_1046_/A2                               0.750000    0.849226   -0.099226 (VIOLATED)
_1047_/A2                               0.750000    0.849226   -0.099226 (VIOLATED)
_1048_/A2                               0.750000    0.849226   -0.099226 (VIOLATED)
_1049_/A2                               0.750000    0.849226   -0.099226 (VIOLATED)
_1050_/A2                               0.750000    0.849226   -0.099226 (VIOLATED)
_1051_/A2                               0.750000    0.849226   -0.099226 (VIOLATED)
_1052_/A2                               0.750000    0.849226   -0.099226 (VIOLATED)
_1053_/A2                               0.750000    0.849226   -0.099226 (VIOLATED)
_1054_/A2                               0.750000    0.849226   -0.099226 (VIOLATED)
_1055_/A2                               0.750000    0.849226   -0.099226 (VIOLATED)
_1056_/A2                               0.750000    0.849226   -0.099226 (VIOLATED)
_1057_/A2                               0.750000    0.849226   -0.099226 (VIOLATED)
_1058_/A2                               0.750000    0.849226   -0.099226 (VIOLATED)
_1059_/A2                               0.750000    0.849226   -0.099226 (VIOLATED)
_1060_/A2                               0.750000    0.849226   -0.099226 (VIOLATED)
_1061_/A2                               0.750000    0.849226   -0.099226 (VIOLATED)
_1062_/A2                               0.750000    0.849226   -0.099226 (VIOLATED)
_1063_/A2                               0.750000    0.849226   -0.099226 (VIOLATED)
_1064_/A2                               0.750000    0.849226   -0.099226 (VIOLATED)
_1065_/A2                               0.750000    0.849226   -0.099226 (VIOLATED)
_1066_/A2                               0.750000    0.849226   -0.099226 (VIOLATED)
_1067_/A2                               0.750000    0.849226   -0.099226 (VIOLATED)
_1260_/Q                                0.750000    0.849226   -0.099226 (VIOLATED)
_0570_/Y                                0.750000    0.768950   -0.018950 (VIOLATED)
_0840_/A1                               0.750000    0.768950   -0.018950 (VIOLATED)
_0976_/A1                               0.750000    0.768950   -0.018950 (VIOLATED)
_0977_/A1                               0.750000    0.768950   -0.018950 (VIOLATED)
_0978_/A1                               0.750000    0.768950   -0.018950 (VIOLATED)
_0979_/A1                               0.750000    0.768950   -0.018950 (VIOLATED)
_0980_/A1                               0.750000    0.768950   -0.018950 (VIOLATED)
_0981_/A1                               0.750000    0.768950   -0.018950 (VIOLATED)
_0982_/A1                               0.750000    0.768950   -0.018950 (VIOLATED)
_0983_/A1                               0.750000    0.768950   -0.018950 (VIOLATED)
_0984_/A1                               0.750000    0.768950   -0.018950 (VIOLATED)
_0985_/A1                               0.750000    0.768950   -0.018950 (VIOLATED)
_0986_/A1                               0.750000    0.768950   -0.018950 (VIOLATED)
_0987_/A1                               0.750000    0.768950   -0.018950 (VIOLATED)
_0988_/A1                               0.750000    0.768950   -0.018950 (VIOLATED)
_0989_/A1                               0.750000    0.768950   -0.018950 (VIOLATED)
_0990_/A1                               0.750000    0.768950   -0.018950 (VIOLATED)
_0991_/A1                               0.750000    0.768950   -0.018950 (VIOLATED)
_0992_/A1                               0.750000    0.768950   -0.018950 (VIOLATED)
_0993_/A1                               0.750000    0.768950   -0.018950 (VIOLATED)
_0994_/A1                               0.750000    0.768950   -0.018950 (VIOLATED)
_0995_/A1                               0.750000    0.768950   -0.018950 (VIOLATED)
_0996_/A1                               0.750000    0.768950   -0.018950 (VIOLATED)
_0997_/A1                               0.750000    0.768950   -0.018950 (VIOLATED)
_0998_/A1                               0.750000    0.768950   -0.018950 (VIOLATED)
_0999_/A1                               0.750000    0.768950   -0.018950 (VIOLATED)
_1000_/A1                               0.750000    0.768950   -0.018950 (VIOLATED)
_1001_/A1                               0.750000    0.768950   -0.018950 (VIOLATED)
_1002_/A1                               0.750000    0.768950   -0.018950 (VIOLATED)
_1003_/A1                               0.750000    0.768950   -0.018950 (VIOLATED)
_1004_/A1                               0.750000    0.768950   -0.018950 (VIOLATED)
_1005_/A1                               0.750000    0.768950   -0.018950 (VIOLATED)
_1006_/A1                               0.750000    0.768950   -0.018950 (VIOLATED)
_1007_/A1                               0.750000    0.768950   -0.018950 (VIOLATED)
_1008_/A1                               0.750000    0.768950   -0.018950 (VIOLATED)
_1009_/A1                               0.750000    0.768950   -0.018950 (VIOLATED)
_1010_/A1                               0.750000    0.768950   -0.018950 (VIOLATED)
_1011_/A1                               0.750000    0.768950   -0.018950 (VIOLATED)
_1012_/A1                               0.750000    0.768950   -0.018950 (VIOLATED)
_1013_/A1                               0.750000    0.768950   -0.018950 (VIOLATED)
_1014_/A1                               0.750000    0.768950   -0.018950 (VIOLATED)
_1015_/A1                               0.750000    0.768950   -0.018950 (VIOLATED)
_1016_/A1                               0.750000    0.768950   -0.018950 (VIOLATED)
_1017_/A1                               0.750000    0.768950   -0.018950 (VIOLATED)
_1018_/A1                               0.750000    0.768950   -0.018950 (VIOLATED)
_1019_/A1                               0.750000    0.768950   -0.018950 (VIOLATED)
_1020_/A1                               0.750000    0.768950   -0.018950 (VIOLATED)
_1021_/A1                               0.750000    0.768950   -0.018950 (VIOLATED)
_1022_/A1                               0.750000    0.768950   -0.018950 (VIOLATED)
_1023_/A1                               0.750000    0.768950   -0.018950 (VIOLATED)
_1024_/A1                               0.750000    0.768950   -0.018950 (VIOLATED)
_1025_/A1                               0.750000    0.768950   -0.018950 (VIOLATED)
_1026_/A1                               0.750000    0.768950   -0.018950 (VIOLATED)
_1027_/A1                               0.750000    0.768950   -0.018950 (VIOLATED)
_1028_/A1                               0.750000    0.768950   -0.018950 (VIOLATED)
_1029_/A1                               0.750000    0.768950   -0.018950 (VIOLATED)
_1030_/A1                               0.750000    0.768950   -0.018950 (VIOLATED)
_1031_/A1                               0.750000    0.768950   -0.018950 (VIOLATED)
_1032_/A1                               0.750000    0.768950   -0.018950 (VIOLATED)
_1033_/A1                               0.750000    0.768950   -0.018950 (VIOLATED)
_1034_/A1                               0.750000    0.768950   -0.018950 (VIOLATED)
_1035_/A1                               0.750000    0.768950   -0.018950 (VIOLATED)
_1036_/A1                               0.750000    0.768950   -0.018950 (VIOLATED)
_1037_/A1                               0.750000    0.768950   -0.018950 (VIOLATED)
_1038_/A1                               0.750000    0.768950   -0.018950 (VIOLATED)
_1039_/A1                               0.750000    0.768950   -0.018950 (VIOLATED)
_1040_/A1                               0.750000    0.768950   -0.018950 (VIOLATED)
_1041_/A1                               0.750000    0.768950   -0.018950 (VIOLATED)
_1042_/A1                               0.750000    0.768950   -0.018950 (VIOLATED)
_1043_/A1                               0.750000    0.768950   -0.018950 (VIOLATED)
_1044_/A1                               0.750000    0.768950   -0.018950 (VIOLATED)
_1045_/A1                               0.750000    0.768950   -0.018950 (VIOLATED)
_1046_/A1                               0.750000    0.768950   -0.018950 (VIOLATED)
_1047_/A1                               0.750000    0.768950   -0.018950 (VIOLATED)
_1048_/A1                               0.750000    0.768950   -0.018950 (VIOLATED)
_1049_/A1                               0.750000    0.768950   -0.018950 (VIOLATED)
_1050_/A1                               0.750000    0.768950   -0.018950 (VIOLATED)
_1051_/A1                               0.750000    0.768950   -0.018950 (VIOLATED)
_1052_/A1                               0.750000    0.768950   -0.018950 (VIOLATED)
_1053_/A1                               0.750000    0.768950   -0.018950 (VIOLATED)
_1054_/A1                               0.750000    0.768950   -0.018950 (VIOLATED)
_1055_/A1                               0.750000    0.768950   -0.018950 (VIOLATED)
_1056_/A1                               0.750000    0.768950   -0.018950 (VIOLATED)
_1057_/A1                               0.750000    0.768950   -0.018950 (VIOLATED)
_1058_/A1                               0.750000    0.768950   -0.018950 (VIOLATED)
_1059_/A1                               0.750000    0.768950   -0.018950 (VIOLATED)
_1060_/A1                               0.750000    0.768950   -0.018950 (VIOLATED)
_1061_/A1                               0.750000    0.768950   -0.018950 (VIOLATED)
_1062_/A1                               0.750000    0.768950   -0.018950 (VIOLATED)
_1063_/A1                               0.750000    0.768950   -0.018950 (VIOLATED)
_1064_/A1                               0.750000    0.768950   -0.018950 (VIOLATED)
_1065_/A1                               0.750000    0.768950   -0.018950 (VIOLATED)
_1066_/A1                               0.750000    0.768950   -0.018950 (VIOLATED)
_1067_/A1                               0.750000    0.768950   -0.018950 (VIOLATED)

max fanout

Pin                                   Limit Fanout  Slack
---------------------------------------------------------
i_rst_n                                  10    203   -193 (VIOLATED)
_0570_/Y                                 10     93    -83 (VIOLATED)
_1260_/Q                                 10     93    -83 (VIOLATED)
_1190_/Q                                 10     21    -11 (VIOLATED)
_1199_/Q                                 10     21    -11 (VIOLATED)
_0539_/Y                                 10     14     -4 (VIOLATED)
_1129_/Q                                 10     14     -4 (VIOLATED)
_1232_/Q                                 10     11        (VIOLATED)
_1253_/Q                                 10     11        (VIOLATED)

max capacitance

Pin                                        Limit         Cap       Slack
------------------------------------------------------------------------
i_rst_n                                 0.200000    0.637442   -0.437442 (VIOLATED)
_1260_/Q                                0.200000    0.239475   -0.039475 (VIOLATED)
_0570_/Y                                0.200000    0.226920   -0.026920 (VIOLATED)



===========================================================================
report_parasitic_annotation -report_unannotated
============================================================================
Found 811 unannotated drivers.
 i_byte_cnt_reg[0]
 i_byte_cnt_reg[1]
 i_byte_cnt_reg[2]
 i_byte_cnt_reg[3]
 i_byte_cnt_reg[4]
 i_byte_cnt_reg[5]
 i_byte_cnt_reg[6]
 i_byte_cnt_reg[7]
 i_clk
 i_clk_div_lsb[0]
 i_clk_div_lsb[1]
 i_clk_div_lsb[2]
 i_clk_div_lsb[3]
 i_clk_div_lsb[4]
 i_clk_div_lsb[5]
 i_clk_div_lsb[6]
 i_clk_div_lsb[7]
 i_config_reg[0]
 i_config_reg[1]
 i_config_reg[2]
 i_config_reg[3]
 i_config_reg[4]
 i_config_reg[5]
 i_mode_reg[0]
 i_mode_reg[1]
 i_mode_reg[2]
 i_mode_reg[3]
 i_mode_reg[4]
 i_mode_reg[5]
 i_mode_reg[6]
 i_mode_reg[7]
 i_rst_n
 i_slave_addr_reg[0]
 i_slave_addr_reg[1]
 i_slave_addr_reg[2]
 i_slave_addr_reg[3]
 i_slave_addr_reg[4]
 i_slave_addr_reg[5]
 i_slave_addr_reg[6]
 i_transmit_data[0]
 i_transmit_data[1]
 i_transmit_data[2]
 i_transmit_data[3]
 i_transmit_data[4]
 i_transmit_data[5]
 i_transmit_data[6]
 i_transmit_data[7]
 io_scl
 io_sda
 _0533_/Y
 _0534_/Y
 _0535_/Y
 _0536_/Y
 _0537_/Y
 _0538_/Y
 _0539_/Y
 _0540_/Y
 _0541_/Y
 _0542_/Y
 _0543_/Y
 _0544_/Y
 _0545_/Y
 _0546_/Y
 _0547_/Y
 _0548_/Y
 _0549_/Y
 _0550_/Y
 _0551_/Y
 _0552_/Y
 _0553_/Y
 _0554_/Y
 _0555_/Y
 _0556_/Y
 _0557_/Y
 _0558_/Y
 _0559_/Y
 _0560_/Y
 _0561_/Y
 _0562_/Y
 _0563_/Y
 _0564_/Y
 _0565_/Y
 _0566_/Y
 _0567_/Y
 _0568_/Y
 _0569_/Y
 _0570_/Y
 _0571_/Y
 _0572_/Y
 _0573_/Y
 _0574_/Y
 _0575_/Y
 _0576_/X
 _0577_/X
 _0578_/X
 _0579_/X
 _0580_/X
 _0581_/X
 _0582_/X
 _0583_/Y
 _0584_/Y
 _0585_/X
 _0586_/Y
 _0587_/X
 _0588_/Y
 _0589_/Y
 _0590_/Y
 _0591_/Y
 _0592_/Y
 _0593_/X
 _0594_/X
 _0595_/Y
 _0596_/Y
 _0597_/Y
 _0598_/Y
 _0599_/X
 _0600_/X
 _0601_/Y
 _0602_/Y
 _0603_/X
 _0604_/X
 _0605_/X
 _0606_/X
 _0607_/X
 _0608_/X
 _0609_/X
 _0610_/X
 _0611_/X
 _0612_/Y
 _0613_/Y
 _0614_/X
 _0615_/X
 _0616_/X
 _0617_/X
 _0618_/X
 _0619_/X
 _0620_/X
 _0621_/Y
 _0622_/Y
 _0623_/Y
 _0624_/X
 _0625_/Y
 _0626_/Y
 _0627_/Y
 _0628_/X
 _0629_/Y
 _0630_/Y
 _0631_/X
 _0632_/Y
 _0633_/Y
 _0634_/Y
 _0635_/X
 _0636_/X
 _0637_/Y
 _0638_/X
 _0639_/Y
 _0640_/Y
 _0641_/X
 _0642_/X
 _0643_/X
 _0644_/X
 _0645_/X
 _0646_/X
 _0647_/X
 _0648_/X
 _0649_/X
 _0650_/X
 _0651_/X
 _0652_/X
 _0653_/X
 _0654_/Y
 _0655_/Y
 _0656_/X
 _0657_/Y
 _0658_/X
 _0659_/Y
 _0660_/X
 _0661_/Y
 _0662_/X
 _0663_/X
 _0664_/X
 _0665_/X
 _0666_/X
 _0667_/X
 _0668_/X
 _0669_/X
 _0670_/X
 _0671_/X
 _0672_/X
 _0673_/X
 _0674_/X
 _0675_/X
 _0676_/X
 _0677_/Y
 _0678_/X
 _0679_/Y
 _0680_/Y
 _0681_/X
 _0682_/X
 _0683_/X
 _0684_/X
 _0685_/X
 _0686_/Y
 _0687_/X
 _0688_/X
 _0689_/Y
 _0690_/X
 _0691_/X
 _0692_/Y
 _0693_/X
 _0694_/X
 _0695_/Y
 _0696_/X
 _0697_/X
 _0698_/X
 _0699_/X
 _0700_/X
 _0701_/X
 _0702_/X
 _0703_/X
 _0704_/X
 _0705_/X
 _0706_/X
 _0707_/X
 _0708_/Y
 _0709_/X
 _0710_/X
 _0711_/X
 _0712_/X
 _0713_/X
 _0714_/X
 _0715_/X
 _0716_/X
 _0717_/X
 _0718_/Y
 _0719_/Y
 _0720_/X
 _0721_/X
 _0722_/Y
 _0723_/X
 _0724_/X
 _0725_/X
 _0726_/X
 _0727_/Y
 _0728_/X
 _0729_/X
 _0730_/Y
 _0731_/Y
 _0732_/X
 _0733_/X
 _0734_/X
 _0735_/X
 _0736_/X
 _0737_/X
 _0738_/X
 _0739_/X
 _0740_/Y
 _0741_/X
 _0742_/X
 _0743_/Y
 _0744_/X
 _0745_/X
 _0746_/Y
 _0747_/X
 _0748_/X
 _0749_/Y
 _0750_/X
 _0751_/X
 _0752_/X
 _0753_/Y
 _0754_/X
 _0755_/X
 _0756_/X
 _0757_/Y
 _0758_/Y
 _0759_/X
 _0760_/X
 _0761_/X
 _0762_/X
 _0763_/Y
 _0764_/Y
 _0765_/X
 _0766_/Y
 _0767_/Y
 _0768_/X
 _0769_/Y
 _0770_/X
 _0771_/Y
 _0772_/X
 _0773_/X
 _0774_/Y
 _0775_/X
 _0776_/X
 _0777_/Y
 _0778_/X
 _0779_/X
 _0780_/X
 _0781_/Y
 _0782_/Y
 _0783_/X
 _0784_/Y
 _0785_/X
 _0786_/Y
 _0787_/Y
 _0788_/X
 _0789_/X
 _0790_/Y
 _0791_/X
 _0792_/X
 _0793_/Y
 _0794_/X
 _0795_/X
 _0796_/X
 _0797_/Y
 _0798_/X
 _0799_/X
 _0800_/X
 _0801_/Y
 _0802_/Y
 _0803_/X
 _0804_/X
 _0805_/X
 _0806_/X
 _0807_/Y
 _0808_/Y
 _0809_/X
 _0810_/Y
 _0811_/Y
 _0812_/X
 _0813_/Y
 _0814_/X
 _0815_/Y
 _0816_/X
 _0817_/X
 _0818_/Y
 _0819_/X
 _0820_/X
 _0821_/Y
 _0822_/X
 _0823_/X
 _0824_/X
 _0825_/Y
 _0826_/Y
 _0827_/X
 _0828_/Y
 _0829_/X
 _0830_/Y
 _0831_/X
 _0832_/X
 _0833_/Y
 _0834_/X
 _0835_/X
 _0836_/X
 _0837_/X
 _0838_/X
 _0839_/Y
 _0840_/X
 _0841_/X
 _0842_/X
 _0843_/X
 _0844_/X
 _0845_/X
 _0846_/X
 _0847_/X
 _0848_/X
 _0849_/Y
 _0850_/X
 _0851_/X
 _0852_/X
 _0853_/X
 _0854_/X
 _0855_/X
 _0856_/X
 _0857_/X
 _0858_/X
 _0859_/X
 _0860_/X
 _0861_/X
 _0862_/Y
 _0863_/X
 _0864_/X
 _0865_/X
 _0866_/X
 _0867_/X
 _0868_/X
 _0869_/X
 _0870_/X
 _0871_/X
 _0872_/X
 _0873_/X
 _0874_/X
 _0875_/X
 _0876_/X
 _0877_/Y
 _0878_/X
 _0879_/Y
 _0880_/X
 _0881_/Y
 _0882_/X
 _0883_/Y
 _0884_/X
 _0885_/Y
 _0886_/X
 _0887_/Y
 _0888_/X
 _0889_/Y
 _0890_/X
 _0891_/Y
 _0892_/X
 _0893_/X
 _0894_/X
 _0895_/Y
 _0896_/Y
 _0897_/X
 _0898_/X
 _0899_/X
 _0900_/X
 _0901_/X
 _0902_/X
 _0903_/Y
 _0904_/X
 _0905_/X
 _0906_/X
 _0907_/X
 _0908_/X
 _0909_/X
 _0910_/X
 _0911_/X
 _0912_/X
 _0913_/X
 _0914_/X
 _0915_/X
 _0916_/X
 _0917_/X
 _0918_/X
 _0919_/Y
 _0920_/Y
 _0921_/Y
 _0922_/Y
 _0923_/Y
 _0924_/Y
 _0925_/Y
 _0926_/Y
 _0927_/X
 _0928_/X
 _0929_/Y
 _0930_/Y
 _0931_/Y
 _0932_/X
 _0933_/X
 _0934_/Y
 _0935_/X
 _0936_/X
 _0937_/X
 _0938_/X
 _0939_/X
 _0940_/X
 _0941_/X
 _0942_/Y
 _0943_/X
 _0944_/X
 _0945_/X
 _0946_/X
 _0947_/X
 _0948_/X
 _0949_/X
 _0950_/X
 _0951_/X
 _0952_/Y
 _0953_/X
 _0954_/X
 _0955_/Y
 _0956_/X
 _0957_/Y
 _0958_/X
 _0959_/X
 _0960_/X
 _0961_/X
 _0962_/X
 _0963_/X
 _0964_/X
 _0965_/X
 _0966_/X
 _0967_/X
 _0968_/X
 _0969_/X
 _0970_/X
 _0971_/X
 _0972_/X
 _0973_/X
 _0974_/X
 _0975_/X
 _0976_/X
 _0977_/X
 _0978_/X
 _0979_/X
 _0980_/X
 _0981_/X
 _0982_/X
 _0983_/X
 _0984_/X
 _0985_/X
 _0986_/X
 _0987_/X
 _0988_/X
 _0989_/X
 _0990_/X
 _0991_/X
 _0992_/X
 _0993_/X
 _0994_/X
 _0995_/X
 _0996_/X
 _0997_/X
 _0998_/X
 _0999_/X
 _1000_/X
 _1001_/X
 _1002_/X
 _1003_/X
 _1004_/X
 _1005_/X
 _1006_/X
 _1007_/X
 _1008_/X
 _1009_/X
 _1010_/X
 _1011_/X
 _1012_/X
 _1013_/X
 _1014_/X
 _1015_/X
 _1016_/X
 _1017_/X
 _1018_/X
 _1019_/X
 _1020_/X
 _1021_/X
 _1022_/X
 _1023_/X
 _1024_/X
 _1025_/X
 _1026_/X
 _1027_/X
 _1028_/X
 _1029_/X
 _1030_/X
 _1031_/X
 _1032_/X
 _1033_/X
 _1034_/X
 _1035_/X
 _1036_/X
 _1037_/X
 _1038_/X
 _1039_/X
 _1040_/X
 _1041_/X
 _1042_/X
 _1043_/X
 _1044_/X
 _1045_/X
 _1046_/X
 _1047_/X
 _1048_/X
 _1049_/X
 _1050_/X
 _1051_/X
 _1052_/X
 _1053_/X
 _1054_/X
 _1055_/X
 _1056_/X
 _1057_/X
 _1058_/X
 _1059_/X
 _1060_/X
 _1061_/X
 _1062_/X
 _1063_/X
 _1064_/X
 _1065_/X
 _1066_/X
 _1067_/X
 _1068_/Q
 _1069_/Q
 _1070_/Q
 _1071_/Q
 _1072_/Q
 _1073_/Q
 _1074_/Q
 _1075_/Q
 _1076_/Q
 _1077_/Q
 _1078_/Q
 _1079_/Q
 _1080_/Q
 _1081_/Q
 _1082_/Q
 _1083_/Q
 _1084_/Q
 _1085_/Q
 _1086_/Q
 _1087_/Q
 _1088_/Q
 _1089_/Q
 _1090_/Q
 _1091_/Q
 _1092_/Q
 _1093_/Q
 _1094_/Q
 _1095_/Q
 _1096_/Q
 _1097_/Q
 _1098_/Q
 _1099_/Q
 _1100_/Q
 _1101_/Q
 _1102_/Q
 _1103_/Q
 _1104_/Q
 _1105_/Q
 _1106_/Q
 _1107_/Q
 _1108_/Q
 _1109_/Q
 _1110_/Q
 _1111_/Q
 _1112_/Q
 _1113_/Q
 _1114_/Q
 _1115_/Q
 _1116_/Q
 _1117_/Q
 _1118_/Q
 _1119_/Q
 _1120_/Q
 _1121_/Q
 _1122_/Q
 _1123_/Q
 _1124_/Q
 _1125_/Q
 _1126_/Q
 _1127_/Q
 _1128_/Q
 _1129_/Q
 _1130_/Q
 _1131_/Q
 _1132_/Q
 _1133_/Q
 _1134_/Q
 _1135_/Q
 _1136_/Q
 _1137_/Q
 _1138_/Q
 _1139_/Q
 _1140_/Q
 _1141_/Q
 _1142_/Q
 _1143_/Q
 _1144_/Q
 _1145_/Q
 _1146_/Q
 _1147_/Q
 _1148_/Q
 _1149_/Q
 _1150_/Q
 _1151_/Q
 _1152_/Q
 _1153_/Q
 _1154_/Q
 _1155_/Q
 _1156_/Q
 _1157_/Q
 _1158_/Q
 _1159_/Q
 _1160_/Q
 _1161_/Q
 _1162_/Q
 _1163_/Q
 _1164_/Q
 _1165_/Q
 _1166_/Q
 _1167_/Q
 _1168_/Q
 _1169_/Q
 _1170_/Q
 _1171_/Q
 _1172_/Q
 _1173_/Q
 _1174_/Q
 _1175_/Q
 _1176_/Q
 _1177_/Q
 _1178_/Q
 _1179_/Q
 _1180_/Q
 _1181_/Q
 _1182_/Q
 _1183_/Q
 _1184_/Q
 _1185_/Q
 _1186_/Q
 _1187_/Q
 _1188_/Q
 _1189_/Q
 _1190_/Q
 _1191_/Q
 _1192_/Q
 _1193_/Q
 _1194_/Q
 _1195_/Q
 _1196_/Q
 _1197_/Q
 _1198_/Q
 _1199_/Q
 _1200_/Q
 _1201_/Q
 _1202_/Q
 _1203_/Q
 _1204_/Q
 _1205_/Q
 _1206_/Q
 _1207_/Q
 _1208_/Q
 _1209_/Q
 _1210_/Q
 _1211_/Q
 _1212_/Q
 _1213_/Q
 _1214_/Q
 _1215_/Q
 _1216_/Q
 _1217_/Q
 _1218_/Q
 _1219_/Q
 _1220_/Q
 _1221_/Q
 _1222_/Q
 _1223_/Q
 _1224_/Q
 _1225_/Q
 _1226_/Q
 _1227_/Q
 _1228_/Q
 _1229_/Q
 _1230_/Q
 _1231_/Q
 _1232_/Q
 _1233_/Q
 _1234_/Q
 _1235_/Q
 _1236_/Q
 _1237_/Q
 _1238_/Q
 _1239_/Q
 _1240_/Q
 _1241_/Q
 _1242_/Q
 _1243_/Q
 _1244_/Q
 _1245_/Q
 _1246_/Q
 _1247_/Q
 _1248_/Q
 _1249_/Q
 _1250_/Q
 _1251_/Q
 _1252_/Q
 _1253_/Q
 _1254_/Q
 _1255_/Q
 _1256_/Q
 _1257_/Q
 _1258_/Q
 _1259_/Q
 _1260_/Q
 _1261_/Q
 _1262_/Q
 _1263_/Q
 _1264_/Q
 _1265_/Q
 _1266_/Q
 _1267_/Q
 _1268_/Q
 _1269_/Q
 _1270_/Q
 _1271_/Q
 _1272_/Q
 _1273_/Q
 _1274_/Q
 _1275_/Q
 _1276_/Q
 _1277_/Q
 _1278_/Q
 _1279_/HI
 _1279_/LO
 _1280_/HI
 _1280_/LO
 _1281_/HI
 _1281_/LO
 _1282_/HI
 _1282_/LO
 _1283_/X
 _1284_/X
 _1285_/X
 _1286_/X
 _1287_/X
 _1288_/X
 _1289_/Z
 _1290_/Z
Found 0 partially unannotated drivers.

===========================================================================
max slew violation count 392
max fanout violation count 9
max cap violation count 3
============================================================================

===========================================================================
check_setup -verbose -unconstrained_endpoints -multiple_clock -no_clock -no_input_delay -loops -generated_clocks
===========================================================================
