Clock: i_clk
Sources: i_clk 
Generated: no
Virtual: no
Propagated: no
Period: 32.000000

===========================================================================
report_clock_properties
============================================================================
Clock                   Period          Waveform
----------------------------------------------------
i_clk                32.000000    0.000000 16.000000

===========================================================================
report_clock_latency
============================================================================
Clock i_clk
rise -> rise
    min     max
0.000000 0.000000 source latency
0.962487         network latency _1068_/CLK
        0.962487 network latency _1068_/CLK
---------------
0.962487 0.962487 latency
        0.000000 skew

fall -> fall
    min     max
0.000000 0.000000 source latency
0.421116         network latency _1068_/CLK
        0.421116 network latency _1068_/CLK
---------------
0.421116 0.421116 latency
        0.000000 skew



===========================================================================
report_clock_min_period
============================================================================
i_clk period_min = 1.68 fmax = 593.66
