
===========================================================================
report_checks -unconstrained
===========================================================================
======================= max_ss_100C_1v60 Corner ===================================

Startpoint: i_rst_n (input port clocked by i_clk)
Endpoint: _1077_ (recovery check against rising-edge clock i_clk)
Path Group: asynchronous
Path Type: max

Fanout         Cap        Slew       Delay        Time   Description
---------------------------------------------------------------------------------------------
                                  0.000000    0.000000   clock i_clk (rise edge)
                                  0.000000    0.000000   clock network delay (propagated)
                                  6.000000    6.000000 ^ input external delay
     1    0.003325    0.035739    0.018612    6.018612 ^ i_rst_n (in)
                                                         i_rst_n (net)
                      0.035739    0.000000    6.018612 ^ input28/A (sky130_fd_sc_hd__clkdlybuf4s25_1)
     3    0.030080    0.488639    0.749487    6.768099 ^ input28/X (sky130_fd_sc_hd__clkdlybuf4s25_1)
                                                         net28 (net)
                      0.488639    0.001635    6.769734 ^ fanout123/A (sky130_fd_sc_hd__clkdlybuf4s25_1)
     6    0.031218    0.506938    0.939028    7.708762 ^ fanout123/X (sky130_fd_sc_hd__clkdlybuf4s25_1)
                                                         net123 (net)
                      0.506938    0.000892    7.709653 ^ fanout122/A (sky130_fd_sc_hd__clkdlybuf4s25_1)
    10    0.047128    0.755521    1.121187    8.830840 ^ fanout122/X (sky130_fd_sc_hd__clkdlybuf4s25_1)
                                                         net122 (net)
                      0.755529    0.003716    8.834557 ^ fanout121/A (sky130_fd_sc_hd__clkdlybuf4s25_1)
    10    0.039878    0.641701    1.115103    9.949659 ^ fanout121/X (sky130_fd_sc_hd__clkdlybuf4s25_1)
                                                         net121 (net)
                      0.641701    0.001397    9.951056 ^ _0848_/C_N (sky130_fd_sc_hd__or3b_2)
     1    0.007993    0.195105    1.244878   11.195934 v _0848_/X (sky130_fd_sc_hd__or3b_2)
                                                         _0470_ (net)
                      0.195105    0.000570   11.196505 v _0849_/C (sky130_fd_sc_hd__nor3_2)
     1    0.003616    0.208448    0.221522   11.418027 ^ _0849_/Y (sky130_fd_sc_hd__nor3_2)
                                                         _0101_ (net)
                      0.208448    0.000245   11.418272 ^ hold133/A (sky130_fd_sc_hd__dlygate4sd3_1)
     1    0.005676    0.130527    1.135552   12.553824 ^ hold133/X (sky130_fd_sc_hd__dlygate4sd3_1)
                                                         net133 (net)
                      0.130527    0.000340   12.554164 ^ _1077_/RESET_B (sky130_fd_sc_hd__dfrtp_2)
                                             12.554164   data arrival time

                                 32.000000   32.000000   clock i_clk (rise edge)
                                  0.000000   32.000000   clock source latency
     1    0.028267    0.207872    0.144073   32.144073 ^ i_clk (in)
                                                         i_clk (net)
                      0.207912    0.000000   32.144073 ^ clkbuf_0_i_clk/A (sky130_fd_sc_hd__clkbuf_16)
     4    0.050666    0.108059    0.324153   32.468227 ^ clkbuf_0_i_clk/X (sky130_fd_sc_hd__clkbuf_16)
                                                         clknet_0_i_clk (net)
                      0.108177    0.003070   32.471294 ^ clkbuf_2_1__f_i_clk/A (sky130_fd_sc_hd__clkbuf_16)
     6    0.044996    0.100415    0.273023   32.744320 ^ clkbuf_2_1__f_i_clk/X (sky130_fd_sc_hd__clkbuf_16)
                                                         clknet_2_1__leaf_i_clk (net)
                      0.100468    0.001968   32.746288 ^ clkbuf_leaf_14_i_clk/A (sky130_fd_sc_hd__clkbuf_8)
    11    0.033727    0.114517    0.279307   33.025593 ^ clkbuf_leaf_14_i_clk/X (sky130_fd_sc_hd__clkbuf_8)
                                                         clknet_leaf_14_i_clk (net)
                      0.114541    0.001602   33.027195 ^ _1077_/CLK (sky130_fd_sc_hd__dfrtp_2)
                                 -0.250000   32.777195   clock uncertainty
                                  0.000000   32.777195   clock reconvergence pessimism
                                  0.433647   33.210842   library recovery time
                                             33.210842   data required time
---------------------------------------------------------------------------------------------
                                             33.210842   data required time
                                            -12.554164   data arrival time
---------------------------------------------------------------------------------------------
                                             20.656679   slack (MET)


Startpoint: i_clk_div_lsb[2] (input port clocked by i_clk)
Endpoint: _1209_ (rising edge-triggered flip-flop clocked by i_clk)
Path Group: i_clk
Path Type: max

Fanout         Cap        Slew       Delay        Time   Description
---------------------------------------------------------------------------------------------
                                  0.000000    0.000000   clock i_clk (rise edge)
                                  0.000000    0.000000   clock network delay (propagated)
                                  6.000000    6.000000 v input external delay
     1    0.005122    0.027601    0.016616    6.016615 v i_clk_div_lsb[2] (in)
                                                         i_clk_div_lsb[2] (net)
                      0.027604    0.000000    6.016615 v input10/A (sky130_fd_sc_hd__clkdlybuf4s25_1)
     4    0.022137    0.310555    0.632536    6.649151 v input10/X (sky130_fd_sc_hd__clkdlybuf4s25_1)
                                                         net10 (net)
                      0.310556    0.001326    6.650478 v _0624_/A2 (sky130_fd_sc_hd__a2111o_2)
     4    0.024782    0.216793    1.129800    7.780278 v _0624_/X (sky130_fd_sc_hd__a2111o_2)
                                                         _0342_ (net)
                      0.216797    0.001309    7.781587 v _0628_/C (sky130_fd_sc_hd__or3_2)
     3    0.015193    0.238964    1.148303    8.929890 v _0628_/X (sky130_fd_sc_hd__or3_2)
                                                         _0344_ (net)
                      0.238967    0.001299    8.931189 v _0631_/B (sky130_fd_sc_hd__or2_2)
     2    0.014208    0.170374    0.778473    9.709661 v _0631_/X (sky130_fd_sc_hd__or2_2)
                                                         _0346_ (net)
                      0.170376    0.001011    9.710672 v _0634_/B (sky130_fd_sc_hd__xnor2_2)
     1    0.003636    0.089873    0.271291    9.981964 v _0634_/Y (sky130_fd_sc_hd__xnor2_2)
                                                         _0098_ (net)
                      0.089873    0.000143    9.982107 v _1209_/D (sky130_fd_sc_hd__dfrtp_2)
                                              9.982107   data arrival time

                                 32.000000   32.000000   clock i_clk (rise edge)
                                  0.000000   32.000000   clock source latency
     1    0.028267    0.207872    0.144073   32.144073 ^ i_clk (in)
                                                         i_clk (net)
                      0.207912    0.000000   32.144073 ^ clkbuf_0_i_clk/A (sky130_fd_sc_hd__clkbuf_16)
     4    0.050666    0.108059    0.324153   32.468227 ^ clkbuf_0_i_clk/X (sky130_fd_sc_hd__clkbuf_16)
                                                         clknet_0_i_clk (net)
                      0.108203    0.003354   32.471581 ^ clkbuf_2_2__f_i_clk/A (sky130_fd_sc_hd__clkbuf_16)
     6    0.043193    0.097921    0.270994   32.742573 ^ clkbuf_2_2__f_i_clk/X (sky130_fd_sc_hd__clkbuf_16)
                                                         clknet_2_2__leaf_i_clk (net)
                      0.098045    0.002014   32.744587 ^ clkbuf_leaf_6_i_clk/A (sky130_fd_sc_hd__clkbuf_8)
    10    0.035061    0.117714    0.280902   33.025490 ^ clkbuf_leaf_6_i_clk/X (sky130_fd_sc_hd__clkbuf_8)
                                                         clknet_leaf_6_i_clk (net)
                      0.117719    0.000959   33.026451 ^ _1209_/CLK (sky130_fd_sc_hd__dfrtp_2)
                                 -0.250000   32.776447   clock uncertainty
                                  0.000000   32.776447   clock reconvergence pessimism
                                 -0.272187   32.504261   library setup time
                                             32.504261   data required time
---------------------------------------------------------------------------------------------
                                             32.504261   data required time
                                             -9.982107   data arrival time
---------------------------------------------------------------------------------------------
                                             22.522156   slack (MET)




===========================================================================
report_checks --slack_max -0.01
============================================================================
======================= max_ss_100C_1v60 Corner ===================================

No paths found.


===========================================================================
 report_check_types -max_slew -max_cap -max_fanout -violators
============================================================================
======================= max_ss_100C_1v60 Corner ===================================

max slew

Pin                                        Limit        Slew       Slack
------------------------------------------------------------------------
_0883_/A                                0.750000    1.045334   -0.295334 (VIOLATED)
_0887_/A                                0.750000    1.045328   -0.295328 (VIOLATED)
_0885_/A                                0.750000    1.045313   -0.295313 (VIOLATED)
_0881_/A                                0.750000    1.045296   -0.295296 (VIOLATED)
_0879_/A                                0.750000    1.045264   -0.295264 (VIOLATED)
_0877_/A                                0.750000    1.045206   -0.295206 (VIOLATED)
_0889_/A                                0.750000    1.045150   -0.295150 (VIOLATED)
_0891_/A                                0.750000    1.045132   -0.295132 (VIOLATED)
_0876_/A1                               0.750000    1.045062   -0.295062 (VIOLATED)
_0611_/A                                0.750000    1.044597   -0.294597 (VIOLATED)
fanout74/X                              0.750000    1.044593   -0.294593 (VIOLATED)
_0767_/B1                               0.750000    0.937863   -0.187863 (VIOLATED)
_0785_/B1                               0.750000    0.937859   -0.187859 (VIOLATED)
_0771_/A                                0.750000    0.937856   -0.187856 (VIOLATED)
_0766_/A                                0.750000    0.937846   -0.187846 (VIOLATED)
_0774_/A                                0.750000    0.937843   -0.187843 (VIOLATED)
_0782_/B1                               0.750000    0.937556   -0.187556 (VIOLATED)
_0781_/C1                               0.750000    0.937553   -0.187553 (VIOLATED)
_0571_/A                                0.750000    0.937536   -0.187536 (VIOLATED)
_0748_/B1                               0.750000    0.937514   -0.187514 (VIOLATED)
_0757_/C1                               0.750000    0.937513   -0.187513 (VIOLATED)
fanout88/X                              0.750000    0.937513   -0.187513 (VIOLATED)
_0858_/S                                0.750000    0.935952   -0.185952 (VIOLATED)
_0860_/S                                0.750000    0.935949   -0.185949 (VIOLATED)
_0844_/S                                0.750000    0.935938   -0.185938 (VIOLATED)
_0841_/S                                0.750000    0.935925   -0.185925 (VIOLATED)
_0842_/S                                0.750000    0.935921   -0.185921 (VIOLATED)
_0845_/S                                0.750000    0.935908   -0.185908 (VIOLATED)
_0843_/S                                0.750000    0.935899   -0.185899 (VIOLATED)
_0846_/S                                0.750000    0.935880   -0.185881 (VIOLATED)
_0847_/S                                0.750000    0.935878   -0.185878 (VIOLATED)
_0852_/S                                0.750000    0.935872   -0.185872 (VIOLATED)
fanout91/X                              0.750000    0.935872   -0.185872 (VIOLATED)
io_sda                                  0.750000    0.915506   -0.165506 (VIOLATED)
_0573_/A                                0.750000    0.915503   -0.165503 (VIOLATED)
_1290_/Z                                0.750000    0.915496   -0.165497 (VIOLATED)
_0572_/A                                0.750000    0.870774   -0.120774 (VIOLATED)
_0792_/B1                               0.750000    0.870774   -0.120774 (VIOLATED)
_0801_/C1                               0.750000    0.870774   -0.120774 (VIOLATED)
_0806_/B1                               0.750000    0.870774   -0.120774 (VIOLATED)
_0810_/A                                0.750000    0.870774   -0.120774 (VIOLATED)
_0811_/B1                               0.750000    0.870774   -0.120774 (VIOLATED)
_0815_/A                                0.750000    0.870774   -0.120774 (VIOLATED)
_0825_/C1                               0.750000    0.870774   -0.120774 (VIOLATED)
_0826_/B1                               0.750000    0.870774   -0.120774 (VIOLATED)
_0829_/B1                               0.750000    0.870774   -0.120774 (VIOLATED)
fanout87/X                              0.750000    0.870774   -0.120774 (VIOLATED)
fanout89/A                              0.750000    0.867976   -0.117976 (VIOLATED)
_0739_/A1                               0.750000    0.867974   -0.117974 (VIOLATED)
_0970_/S                                0.750000    0.867968   -0.117968 (VIOLATED)
_0616_/A                                0.750000    0.867950   -0.117950 (VIOLATED)
_0962_/S                                0.750000    0.867942   -0.117942 (VIOLATED)
_0960_/S                                0.750000    0.867928   -0.117928 (VIOLATED)
_0964_/S                                0.750000    0.867928   -0.117928 (VIOLATED)
_0959_/S                                0.750000    0.867926   -0.117926 (VIOLATED)
_0961_/S                                0.750000    0.867926   -0.117926 (VIOLATED)
_0963_/S                                0.750000    0.867915   -0.117915 (VIOLATED)
fanout90/X                              0.750000    0.867912   -0.117912 (VIOLATED)
io_scl                                  0.750000    0.843102   -0.093102 (VIOLATED)
_0574_/A                                0.750000    0.843097   -0.093097 (VIOLATED)
_1289_/Z                                0.750000    0.843091   -0.093091 (VIOLATED)
_0648_/A                                0.750000    0.829028   -0.079028 (VIOLATED)
_0875_/A1                               0.750000    0.829025   -0.079025 (VIOLATED)
_0612_/B                                0.750000    0.829019   -0.079019 (VIOLATED)
_0575_/B                                0.750000    0.829003   -0.079003 (VIOLATED)
_0644_/A1                               0.750000    0.829000   -0.079000 (VIOLATED)
_0643_/A1                               0.750000    0.828988   -0.078988 (VIOLATED)
_0539_/A                                0.750000    0.828975   -0.078975 (VIOLATED)
_0638_/A1                               0.750000    0.828946   -0.078946 (VIOLATED)
_0605_/A1                               0.750000    0.828942   -0.078942 (VIOLATED)
_0606_/A1                               0.750000    0.828942   -0.078942 (VIOLATED)
fanout94/X                              0.750000    0.828942   -0.078942 (VIOLATED)
_0972_/S                                0.750000    0.825459   -0.075459 (VIOLATED)
_0967_/S                                0.750000    0.825456   -0.075456 (VIOLATED)
_0969_/S                                0.750000    0.825455   -0.075455 (VIOLATED)
_0974_/S                                0.750000    0.825446   -0.075446 (VIOLATED)
_0968_/S                                0.750000    0.825440   -0.075440 (VIOLATED)
_0973_/S                                0.750000    0.825432   -0.075432 (VIOLATED)
_0971_/S                                0.750000    0.825429   -0.075429 (VIOLATED)
_0615_/B                                0.750000    0.825416   -0.075416 (VIOLATED)
_0676_/B2                               0.750000    0.825409   -0.075409 (VIOLATED)
_0543_/A                                0.750000    0.825401   -0.075401 (VIOLATED)
fanout89/X                              0.750000    0.825401   -0.075401 (VIOLATED)
_0855_/S                                0.750000    0.789845   -0.039845 (VIOLATED)
_0861_/S                                0.750000    0.789844   -0.039844 (VIOLATED)
_0857_/S                                0.750000    0.789843   -0.039843 (VIOLATED)
_0859_/S                                0.750000    0.789840   -0.039840 (VIOLATED)
_0854_/S                                0.750000    0.789831   -0.039831 (VIOLATED)
_0856_/S                                0.750000    0.789829   -0.039829 (VIOLATED)
fanout91/A                              0.750000    0.789762   -0.039762 (VIOLATED)
_0853_/S                                0.750000    0.789761   -0.039761 (VIOLATED)
fanout92/X                              0.750000    0.789761   -0.039761 (VIOLATED)
_1034_/A2                               0.750000    0.780370   -0.030370 (VIOLATED)
_1036_/A2                               0.750000    0.780368   -0.030368 (VIOLATED)
_1035_/A2                               0.750000    0.780368   -0.030368 (VIOLATED)
_0840_/A2                               0.750000    0.780367   -0.030367 (VIOLATED)
_1033_/A2                               0.750000    0.780367   -0.030367 (VIOLATED)
_1032_/A2                               0.750000    0.780366   -0.030366 (VIOLATED)
_1028_/A2                               0.750000    0.780364   -0.030364 (VIOLATED)
_1029_/A2                               0.750000    0.780363   -0.030363 (VIOLATED)
_1030_/A2                               0.750000    0.780363   -0.030363 (VIOLATED)
_1031_/A2                               0.750000    0.780363   -0.030363 (VIOLATED)
fanout80/X                              0.750000    0.780363   -0.030363 (VIOLATED)
_1034_/A1                               0.750000    0.775917   -0.025917 (VIOLATED)
_0840_/A1                               0.750000    0.775917   -0.025917 (VIOLATED)
_1033_/A1                               0.750000    0.775916   -0.025916 (VIOLATED)
_1035_/A1                               0.750000    0.775910   -0.025910 (VIOLATED)
_1028_/A1                               0.750000    0.775910   -0.025910 (VIOLATED)
_1032_/A1                               0.750000    0.775910   -0.025910 (VIOLATED)
_1036_/A1                               0.750000    0.775910   -0.025910 (VIOLATED)
_1030_/A1                               0.750000    0.775909   -0.025909 (VIOLATED)
_1029_/A1                               0.750000    0.775909   -0.025909 (VIOLATED)
_1031_/A1                               0.750000    0.775909   -0.025909 (VIOLATED)
fanout67/X                              0.750000    0.775909   -0.025909 (VIOLATED)
_1021_/B1                               0.750000    0.755552   -0.005552 (VIOLATED)
_1024_/B1                               0.750000    0.755552   -0.005552 (VIOLATED)
_1025_/B1                               0.750000    0.755543   -0.005543 (VIOLATED)
_1026_/B1                               0.750000    0.755539   -0.005539 (VIOLATED)
_1027_/B1                               0.750000    0.755537   -0.005537 (VIOLATED)
fanout121/A                             0.750000    0.755529   -0.005529 (VIOLATED)
_1260_/RESET_B                          0.750000    0.755527   -0.005527 (VIOLATED)
_1182_/RESET_B                          0.750000    0.755522   -0.005522 (VIOLATED)
_1262_/RESET_B                          0.750000    0.755522   -0.005522 (VIOLATED)
_1261_/RESET_B                          0.750000    0.755522   -0.005522 (VIOLATED)
fanout122/X                             0.750000    0.755521   -0.005521 (VIOLATED)

max fanout

Pin                                   Limit Fanout  Slack
---------------------------------------------------------
clkbuf_leaf_12_i_clk/X                   10     12     -2 (VIOLATED)
clkbuf_leaf_5_i_clk/X                    10     12     -2 (VIOLATED)
clkbuf_leaf_9_i_clk/X                    10     12     -2 (VIOLATED)
clkbuf_leaf_0_i_clk/X                    10     11        (VIOLATED)
clkbuf_leaf_14_i_clk/X                   10     11        (VIOLATED)
clkbuf_leaf_16_i_clk/X                   10     11        (VIOLATED)
clkbuf_leaf_19_i_clk/X                   10     11        (VIOLATED)
clkbuf_leaf_3_i_clk/X                    10     11        (VIOLATED)



===========================================================================
report_parasitic_annotation -report_unannotated
============================================================================
Found 19 unannotated drivers.
 i_clk_div_lsb[0]
 i_mode_reg[2]
 i_mode_reg[4]
 _1289__129/HI
 _1290__130/HI
 clkload0/X
 clkload1/X
 clkload10/Y
 clkload11/X
 clkload2/X
 clkload3/Y
 clkload4/X
 clkload5/X
 clkload6/X
 clkload7/X
 clkload8/Y
 clkload9/Y
 i2c_master_controller_top/HI
 i2c_master_controller_top_131/HI
Found 0 partially unannotated drivers.

===========================================================================
max slew violation count 125
max fanout violation count 8
max cap violation count 0
============================================================================

===========================================================================
check_setup -verbose -unconstrained_endpoints -multiple_clock -no_clock -no_input_delay -loops -generated_clocks
===========================================================================
