Clock: i_clk
Sources: i_clk 
Generated: no
Virtual: yes
Propagated: no
Period: 32.000000

===========================================================================
report_clock_properties
============================================================================
Clock                   Period          Waveform
----------------------------------------------------
i_clk                32.000000    0.000000 16.000000

===========================================================================
report_clock_latency
============================================================================
Clock i_clk
rise -> rise
    min     max
0.000000 0.000000 source latency
1.009116         network latency _1190_/CLK
        1.036556 network latency _1239_/CLK
---------------
1.009116 1.036556 latency
        0.027439 skew

fall -> fall
    min     max
0.000000 0.000000 source latency
0.959050         network latency _1190_/CLK
        0.981096 network latency _1229_/CLK
---------------
0.959050 0.981096 latency
        0.022046 skew



===========================================================================
report_clock_min_period
============================================================================
i_clk period_min = 6.04 fmax = 165.66
