Clock: i_clk
Sources: i_clk 
Generated: no
Virtual: yes
Propagated: no
Period: 32.000000

===========================================================================
report_clock_properties
============================================================================
Clock                   Period          Waveform
----------------------------------------------------
i_clk                32.000000    0.000000 16.000000

===========================================================================
report_clock_latency
============================================================================
Clock i_clk
rise -> rise
    min     max
0.000000 0.000000 source latency
0.983113         network latency _1190_/CLK
        1.009461 network latency _1229_/CLK
---------------
0.983113 1.009461 latency
        0.026348 skew

fall -> fall
    min     max
0.000000 0.000000 source latency
0.940766         network latency _1190_/CLK
        0.962267 network latency _1229_/CLK
---------------
0.940766 0.962267 latency
        0.021501 skew



===========================================================================
report_clock_min_period
============================================================================
i_clk period_min = 5.94 fmax = 168.28
