Clock: i_clk
Sources: i_clk 
Generated: no
Virtual: yes
Propagated: no
Period: 32.000000

===========================================================================
report_clock_properties
============================================================================
Clock                   Period          Waveform
----------------------------------------------------
i_clk                32.000000    0.000000 16.000000

===========================================================================
report_clock_latency
============================================================================
Clock i_clk
rise -> rise
    min     max
0.000000 0.000000 source latency
0.510747         network latency _1190_/CLK
        0.519923 network latency _1234_/CLK
---------------
0.510747 0.519923 latency
        0.009175 skew

fall -> fall
    min     max
0.000000 0.000000 source latency
0.491410         network latency _1190_/CLK
        0.497634 network latency _1234_/CLK
---------------
0.491410 0.497634 latency
        0.006224 skew



===========================================================================
report_clock_min_period
============================================================================
i_clk period_min = 2.95 fmax = 338.49
