
===========================================================================
 report_power
============================================================================
======================= nom_tt_025C_1v80 Corner ===================================

Group                    Internal    Switching      Leakage        Total
                            Power        Power        Power        Power (Watts)
------------------------------------------------------------------------
Sequential           2.704091e-04 1.742103e-06 2.469434e-09 2.721537e-04  55.3%
Combinational        2.192600e-05 1.660645e-05 3.512288e-09 3.853596e-05   7.8%
Clock                1.053055e-04 7.612484e-05 6.175489e-10 1.814310e-04  36.9%
Macro                0.000000e+00 0.000000e+00 0.000000e+00 0.000000e+00   0.0%
Pad                  0.000000e+00 0.000000e+00 0.000000e+00 0.000000e+00   0.0%
------------------------------------------------------------------------
Total                3.976406e-04 9.447340e-05 6.599300e-09 4.921206e-04 100.0%
                            80.8%        19.2%         0.0%
Writing metric power__internal__total: 0.0003976406005676836
Writing metric power__switching__total: 9.447339834878221e-5
Writing metric power__leakage__total: 6.599300217402515e-9
Writing metric power__total: 0.0004921205691061914

