┏━━━━━━━━━━━━━━━━━━━━━━┳━━━━━━━━━━┳━━━━━━━━━━┳━━━━━━━━━━┳━━━━━━━━━━┳━━━━━━━━━━━┳━━━━━━━━━━┳━━━━━━━━━━━┳━━━━━━━━━━┳━━━━━━━━━━━┳━━━━━━━━━━┳━━━━━━━━━━━┳━━━━━━━━━━┓
┃                      ┃ Hold     ┃ Reg to   ┃          ┃          ┃ of which  ┃ Setup    ┃           ┃          ┃           ┃ of which ┃           ┃          ┃
┃                      ┃ Worst    ┃ Reg      ┃          ┃ Hold Vio ┃ reg to    ┃ Worst    ┃ Reg to    ┃ Setup    ┃ Setup Vio ┃ reg to   ┃ Max Cap   ┃ Max Slew ┃
┃ Corner/Group         ┃ Slack    ┃ Paths    ┃ Hold TNS ┃ Count    ┃ reg       ┃ Slack    ┃ Reg Paths ┃ TNS      ┃ Count     ┃ reg      ┃ Violatio… ┃ Violati… ┃
┡━━━━━━━━━━━━━━━━━━━━━━╇━━━━━━━━━━╇━━━━━━━━━━╇━━━━━━━━━━╇━━━━━━━━━━╇━━━━━━━━━━━╇━━━━━━━━━━╇━━━━━━━━━━━╇━━━━━━━━━━╇━━━━━━━━━━━╇━━━━━━━━━━╇━━━━━━━━━━━╇━━━━━━━━━━┩
│ Overall              │ 0.1077   │ 0.1077   │ 0.0000   │ 0        │ 0         │ 20.6567  │ 25.9635   │ 0.0000   │ 0         │ 0        │ 0         │ 125      │
│ nom_tt_025C_1v80     │ 0.3115   │ 0.3115   │ 0.0000   │ 0        │ 0         │ 23.2111  │ 28.7967   │ 0.0000   │ 0         │ 0        │ 0         │ 0        │
│ nom_ss_100C_1v60     │ 0.8392   │ 0.8392   │ 0.0000   │ 0        │ 0         │ 20.7446  │ 26.0573   │ 0.0000   │ 0         │ 0        │ 0         │ 92       │
│ nom_ff_n40C_1v95     │ 0.1092   │ 0.1092   │ 0.0000   │ 0        │ 0         │ 24.1089  │ 29.8539   │ 0.0000   │ 0         │ 0        │ 0         │ 0        │
│ min_tt_025C_1v80     │ 0.3081   │ 0.3081   │ 0.0000   │ 0        │ 0         │ 23.2549  │ 28.8492   │ 0.0000   │ 0         │ 0        │ 0         │ 0        │
│ min_ss_100C_1v60     │ 0.8368   │ 0.8368   │ 0.0000   │ 0        │ 0         │ 20.8315  │ 26.1510   │ 0.0000   │ 0         │ 0        │ 0         │ 83       │
│ min_ff_n40C_1v95     │ 0.1077   │ 0.1077   │ 0.0000   │ 0        │ 0         │ 24.1373  │ 29.8870   │ 0.0000   │ 0         │ 0        │ 0         │ 0        │
│ max_tt_025C_1v80     │ 0.3138   │ 0.3138   │ 0.0000   │ 0        │ 0         │ 23.1675  │ 28.7450   │ 0.0000   │ 0         │ 0        │ 0         │ 0        │
│ max_ss_100C_1v60     │ 0.8423   │ 0.8423   │ 0.0000   │ 0        │ 0         │ 20.6567  │ 25.9635   │ 0.0000   │ 0         │ 0        │ 0         │ 125      │
│ max_ff_n40C_1v95     │ 0.1108   │ 0.1108   │ 0.0000   │ 0        │ 0         │ 24.0806  │ 29.8212   │ 0.0000   │ 0         │ 0        │ 0         │ 0        │
└──────────────────────┴──────────┴──────────┴──────────┴──────────┴───────────┴──────────┴───────────┴──────────┴───────────┴──────────┴───────────┴──────────┘
