Clock: i_clk
Sources: i_clk 
Generated: no
Virtual: yes
Propagated: no
Period: 32.000000

===========================================================================
report_clock_properties
============================================================================
Clock                   Period          Waveform
----------------------------------------------------
i_clk                32.000000    0.000000 16.000000

===========================================================================
report_clock_latency
============================================================================
Clock i_clk
rise -> rise
    min     max
0.000000 0.000000 source latency
0.389667         network latency _1190_/CLK
        0.401610 network latency _1229_/CLK
---------------
0.389667 0.401610 latency
        0.011943 skew

fall -> fall
    min     max
0.000000 0.000000 source latency
0.359494         network latency _1190_/CLK
        0.367713 network latency _1229_/CLK
---------------
0.359494 0.367713 latency
        0.008219 skew



===========================================================================
report_clock_min_period
============================================================================
i_clk period_min = 2.15 fmax = 465.96
