
===========================================================================
 report_power
============================================================================
======================= nom_ff_n40C_1v95 Corner ===================================

Group                    Internal    Switching      Leakage        Total
                            Power        Power        Power        Power (Watts)
------------------------------------------------------------------------
Sequential           3.118757e-04 1.147087e-06 4.563167e-09 3.130274e-04  53.7%
Combinational        1.974797e-05 1.927293e-05 1.047262e-08 3.903137e-05   6.7%
Clock                1.206489e-04 1.100023e-04 6.672806e-09 2.306578e-04  39.6%
Macro                0.000000e+00 0.000000e+00 0.000000e+00 0.000000e+00   0.0%
Pad                  0.000000e+00 0.000000e+00 0.000000e+00 0.000000e+00   0.0%
------------------------------------------------------------------------
Total                4.522726e-04 1.304223e-04 2.170849e-08 5.827166e-04 100.0%
                            77.6%        22.4%         0.0%

