+ analyze_power_grid -net VPWR -voltage_file /home/duckiee/i2c/i2c_master/runs/RUN_2026-04-13_16-11-58/56-openroad-irdropreport/net-VPWR.csv
[INFO PSM-0040] All shapes on net VPWR are connected.
########## IR report #################
Net              : VPWR
Corner           : nom_tt_025C_1v80
Total power      : 5.12e-04 W
Supply voltage   : 1.80e+00 V
Worstcase voltage: 1.80e+00 V
Average voltage  : 1.80e+00 V
Average IR drop  : 1.15e-04 V
Worstcase IR drop: 3.44e-04 V
Percentage drop  : 0.02 %
######################################
+ analyze_power_grid -net VGND -voltage_file /home/duckiee/i2c/i2c_master/runs/RUN_2026-04-13_16-11-58/56-openroad-irdropreport/net-VGND.csv
[INFO PSM-0040] All shapes on net VGND are connected.
########## IR report #################
Net              : VGND
Corner           : nom_tt_025C_1v80
Total power      : 5.12e-04 W
Supply voltage   : 0.00e+00 V
Worstcase voltage: 3.77e-04 V
Average voltage  : 1.03e-04 V
Average IR drop  : 1.03e-04 V
Worstcase IR drop: 3.77e-04 V
Percentage drop  : 0.02 %
######################################
