Clock: i_clk
Sources: i_clk 
Generated: no
Virtual: yes
Propagated: no
Period: 32.000000

===========================================================================
report_clock_properties
============================================================================
Clock                   Period          Waveform
----------------------------------------------------
i_clk                32.000000    0.000000 16.000000

===========================================================================
report_clock_latency
============================================================================
Clock i_clk
rise -> rise
    min     max
0.000000 0.000000 source latency
0.523524         network latency _1104_/CLK
        0.532062 network latency _1259_/CLK
---------------
0.523524 0.532062 latency
        0.008538 skew

fall -> fall
    min     max
0.000000 0.000000 source latency
0.500547         network latency _1104_/CLK
        0.506601 network latency _1259_/CLK
---------------
0.500547 0.506601 latency
        0.006054 skew



===========================================================================
report_clock_min_period
============================================================================
i_clk period_min = 3.03 fmax = 330.11
