
===========================================================================
 report_power
============================================================================
======================= nom_tt_025C_1v80 Corner ===================================

Group                    Internal    Switching      Leakage        Total
                            Power        Power        Power        Power (Watts)
------------------------------------------------------------------------
Sequential           2.702574e-04 1.955328e-06 2.469434e-09 2.722152e-04  54.3%
Combinational        2.198009e-05 1.835339e-05 3.512288e-09 4.033699e-05   8.0%
Clock                1.055008e-04 8.371250e-05 6.175489e-10 1.892140e-04  37.7%
Macro                0.000000e+00 0.000000e+00 0.000000e+00 0.000000e+00   0.0%
Pad                  0.000000e+00 0.000000e+00 0.000000e+00 0.000000e+00   0.0%
------------------------------------------------------------------------
Total                3.977381e-04 1.040212e-04 6.599300e-09 5.017659e-04 100.0%
                            79.3%        20.7%         0.0%
Writing metric power__internal__total: 0.0003977381275035441
Writing metric power__switching__total: 0.0001040212155203335
Writing metric power__leakage__total: 6.599300217402515e-9
Writing metric power__total: 0.0005017659277655184

