Clock: i_clk
Sources: i_clk 
Generated: no
Virtual: yes
Propagated: no
Period: 32.000000

===========================================================================
report_clock_properties
============================================================================
Clock                   Period          Waveform
----------------------------------------------------
i_clk                32.000000    0.000000 16.000000

===========================================================================
report_clock_latency
============================================================================
Clock i_clk
rise -> rise
    min     max
0.000000 0.000000 source latency
0.380713         network latency _1190_/CLK
        0.391569 network latency _1229_/CLK
---------------
0.380713 0.391569 latency
        0.010856 skew

fall -> fall
    min     max
0.000000 0.000000 source latency
0.353667         network latency _1190_/CLK
        0.360984 network latency _1229_/CLK
---------------
0.353667 0.360984 latency
        0.007317 skew



===========================================================================
report_clock_min_period
============================================================================
i_clk period_min = 2.11 fmax = 473.27
