
===========================================================================
 report_power
============================================================================
======================= min_ff_n40C_1v95 Corner ===================================

Group                    Internal    Switching      Leakage        Total
                            Power        Power        Power        Power (Watts)
------------------------------------------------------------------------
Sequential           3.119484e-04 1.115012e-06 4.563167e-09 3.130680e-04  54.2%
Combinational        1.972459e-05 1.861295e-05 1.047262e-08 3.834800e-05   6.6%
Clock                1.205962e-04 1.060720e-04 6.672806e-09 2.266748e-04  39.2%
Macro                0.000000e+00 0.000000e+00 0.000000e+00 0.000000e+00   0.0%
Pad                  0.000000e+00 0.000000e+00 0.000000e+00 0.000000e+00   0.0%
------------------------------------------------------------------------
Total                4.522692e-04 1.257999e-04 2.170849e-08 5.780908e-04 100.0%
                            78.2%        21.8%         0.0%

