┏━━━━━━━━━━━━━━━━━━━━━━┳━━━━━━━━━━┳━━━━━━━━━━┳━━━━━━━━━━┳━━━━━━━━━━┳━━━━━━━━━━━┳━━━━━━━━━━┳━━━━━━━━━━━┳━━━━━━━━━━┳━━━━━━━━━━━┳━━━━━━━━━━┳━━━━━━━━━━━┳━━━━━━━━━━┓
┃                      ┃ Hold     ┃ Reg to   ┃          ┃          ┃ of which  ┃ Setup    ┃           ┃          ┃           ┃ of which ┃           ┃          ┃
┃                      ┃ Worst    ┃ Reg      ┃          ┃ Hold Vio ┃ reg to    ┃ Worst    ┃ Reg to    ┃ Setup    ┃ Setup Vio ┃ reg to   ┃ Max Cap   ┃ Max Slew ┃
┃ Corner/Group         ┃ Slack    ┃ Paths    ┃ Hold TNS ┃ Count    ┃ reg       ┃ Slack    ┃ Reg Paths ┃ TNS      ┃ Count     ┃ reg      ┃ Violatio… ┃ Violati… ┃
┡━━━━━━━━━━━━━━━━━━━━━━╇━━━━━━━━━━╇━━━━━━━━━━╇━━━━━━━━━━╇━━━━━━━━━━╇━━━━━━━━━━━╇━━━━━━━━━━╇━━━━━━━━━━━╇━━━━━━━━━━╇━━━━━━━━━━━╇━━━━━━━━━━╇━━━━━━━━━━━╇━━━━━━━━━━┩
│ Overall              │ -0.1062  │ -0.1062  │ -0.1152  │ 7        │ 7         │ 21.4425  │ 26.3360   │ 0.0000   │ 0         │ 0        │ 3         │ 398      │
│ nom_tt_025C_1v80     │ -0.0450  │ -0.0450  │ -0.0450  │ 1        │ 1         │ 23.1667  │ 29.3420   │ 0.0000   │ 0         │ 0        │ 3         │ 392      │
│ nom_ss_100C_1v60     │ 0.1389   │ 0.1389   │ 0.0000   │ 0        │ 0         │ 21.4425  │ 26.3360   │ 0.0000   │ 0         │ 0        │ 3         │ 398      │
│ nom_ff_n40C_1v95     │ -0.1062  │ -0.1062  │ -0.1152  │ 6        │ 6         │ 23.8249  │ 30.3155   │ 0.0000   │ 0         │ 0        │ 3         │ 392      │
└──────────────────────┴──────────┴──────────┴──────────┴──────────┴───────────┴──────────┴───────────┴──────────┴───────────┴──────────┴───────────┴──────────┘
