Clock: i_clk
Sources: i_clk 
Generated: no
Virtual: no
Propagated: no
Period: 32.000000

===========================================================================
report_clock_properties
============================================================================
Clock                   Period          Waveform
----------------------------------------------------
i_clk                32.000000    0.000000 16.000000

===========================================================================
report_clock_latency
============================================================================
Clock i_clk
rise -> rise
    min     max
0.000000 0.000000 source latency
1.210356         network latency _1068_/CLK
        1.210356 network latency _1068_/CLK
---------------
1.210356 1.210356 latency
        0.000000 skew

fall -> fall
    min     max
0.000000 0.000000 source latency
0.587976         network latency _1068_/CLK
        0.587976 network latency _1068_/CLK
---------------
0.587976 0.587976 latency
        0.000000 skew



===========================================================================
report_clock_min_period
============================================================================
i_clk period_min = 2.66 fmax = 376.22
