
===========================================================================
 report_power
============================================================================
======================= nom_tt_025C_1v80 Corner ===================================

Group                    Internal    Switching      Leakage        Total
                            Power        Power        Power        Power (Watts)
------------------------------------------------------------------------
Sequential           2.686381e-04 1.945488e-06 2.459132e-09 2.705861e-04  95.3%
Combinational        9.150692e-06 4.267542e-06 2.033350e-09 1.342027e-05   4.7%
Clock                0.000000e+00 0.000000e+00 0.000000e+00 0.000000e+00   0.0%
Macro                0.000000e+00 0.000000e+00 0.000000e+00 0.000000e+00   0.0%
Pad                  0.000000e+00 0.000000e+00 0.000000e+00 0.000000e+00   0.0%
------------------------------------------------------------------------
Total                2.777888e-04 6.213031e-06 4.492478e-09 2.840063e-04 100.0%
                            97.8%         2.2%         0.0%

