Clock: i_clk
Sources: i_clk 
Generated: no
Virtual: yes
Propagated: no
Period: 32.000000

===========================================================================
report_clock_properties
============================================================================
Clock                   Period          Waveform
----------------------------------------------------
i_clk                32.000000    0.000000 16.000000

===========================================================================
report_clock_latency
============================================================================
Clock i_clk
rise -> rise
    min     max
0.000000 0.000000 source latency
0.401358         network latency _1190_/CLK
        0.414346 network latency _1229_/CLK
---------------
0.401358 0.414346 latency
        0.012988 skew

fall -> fall
    min     max
0.000000 0.000000 source latency
0.367583         network latency _1190_/CLK
        0.376764 network latency _1229_/CLK
---------------
0.367583 0.376764 latency
        0.009180 skew



===========================================================================
report_clock_min_period
============================================================================
i_clk period_min = 2.18 fmax = 458.97
