
===========================================================================
report_checks -unconstrained
===========================================================================
======================= nom_tt_025C_1v80 Corner ===================================

Startpoint: i_rst_n (input port clocked by i_clk)
Endpoint: _1077_ (recovery check against rising-edge clock i_clk)
Path Group: asynchronous
Path Type: max

Fanout         Cap        Slew       Delay        Time   Description
---------------------------------------------------------------------------------------------
                                  0.000000    0.000000   clock i_clk (rise edge)
                                  0.000000    0.000000   clock network delay (propagated)
                                  6.000000    6.000000 ^ input external delay
     1    0.003331    0.022029    0.012176    6.012176 ^ i_rst_n (in)
                                                         i_rst_n (net)
                      0.022029    0.000000    6.012176 ^ input28/A (sky130_fd_sc_hd__clkdlybuf4s25_1)
     3    0.028615    0.291489    0.412326    6.424501 ^ input28/X (sky130_fd_sc_hd__clkdlybuf4s25_1)
                                                         net28 (net)
                      0.291489    0.000665    6.425167 ^ fanout123/A (sky130_fd_sc_hd__clkdlybuf4s25_1)
     6    0.029514    0.300068    0.492704    6.917871 ^ fanout123/X (sky130_fd_sc_hd__clkdlybuf4s25_1)
                                                         net123 (net)
                      0.300068    0.000397    6.918267 ^ fanout122/A (sky130_fd_sc_hd__clkdlybuf4s25_1)
    10    0.046633    0.466711    0.610717    7.528985 ^ fanout122/X (sky130_fd_sc_hd__clkdlybuf4s25_1)
                                                         net122 (net)
                      0.466711    0.001545    7.530530 ^ fanout121/A (sky130_fd_sc_hd__clkdlybuf4s25_1)
    10    0.040021    0.402296    0.589427    8.119957 ^ fanout121/X (sky130_fd_sc_hd__clkdlybuf4s25_1)
                                                         net121 (net)
                      0.402296    0.000697    8.120655 ^ _0848_/C_N (sky130_fd_sc_hd__or3b_2)
     1    0.007652    0.092666    0.508499    8.629153 v _0848_/X (sky130_fd_sc_hd__or3b_2)
                                                         _0470_ (net)
                      0.092666    0.000323    8.629477 v _0849_/C (sky130_fd_sc_hd__nor3_2)
     1    0.003519    0.124458    0.117878    8.747355 ^ _0849_/Y (sky130_fd_sc_hd__nor3_2)
                                                         _0101_ (net)
                      0.124458    0.000119    8.747474 ^ hold133/A (sky130_fd_sc_hd__dlygate4sd3_1)
     1    0.005842    0.079371    0.582248    9.329722 ^ hold133/X (sky130_fd_sc_hd__dlygate4sd3_1)
                                                         net133 (net)
                      0.079371    0.000154    9.329876 ^ _1077_/RESET_B (sky130_fd_sc_hd__dfrtp_2)
                                              9.329876   data arrival time

                                 32.000000   32.000000   clock i_clk (rise edge)
                                  0.000000   32.000000   clock source latency
     1    0.026289    0.123841    0.086050   32.086052 ^ i_clk (in)
                                                         i_clk (net)
                      0.123875    0.000000   32.086052 ^ clkbuf_0_i_clk/A (sky130_fd_sc_hd__clkbuf_16)
     4    0.048915    0.067836    0.176801   32.262852 ^ clkbuf_0_i_clk/X (sky130_fd_sc_hd__clkbuf_16)
                                                         clknet_0_i_clk (net)
                      0.067876    0.001489   32.264339 ^ clkbuf_2_1__f_i_clk/A (sky130_fd_sc_hd__clkbuf_16)
     6    0.043236    0.062658    0.152525   32.416866 ^ clkbuf_2_1__f_i_clk/X (sky130_fd_sc_hd__clkbuf_16)
                                                         clknet_2_1__leaf_i_clk (net)
                      0.062682    0.001094   32.417957 ^ clkbuf_leaf_14_i_clk/A (sky130_fd_sc_hd__clkbuf_8)
    11    0.033481    0.071613    0.155133   32.573093 ^ clkbuf_leaf_14_i_clk/X (sky130_fd_sc_hd__clkbuf_8)
                                                         clknet_leaf_14_i_clk (net)
                      0.071620    0.000746   32.573837 ^ _1077_/CLK (sky130_fd_sc_hd__dfrtp_2)
                                 -0.250000   32.323837   clock uncertainty
                                  0.000000   32.323837   clock reconvergence pessimism
                                  0.217145   32.540981   library recovery time
                                             32.540981   data required time
---------------------------------------------------------------------------------------------
                                             32.540981   data required time
                                             -9.329876   data arrival time
---------------------------------------------------------------------------------------------
                                             23.211107   slack (MET)


Startpoint: _1097_ (rising edge-triggered flip-flop clocked by i_clk)
Endpoint: io_sda (output port clocked by i_clk)
Path Group: i_clk
Path Type: max

Fanout         Cap        Slew       Delay        Time   Description
---------------------------------------------------------------------------------------------
                                  0.000000    0.000000   clock i_clk (rise edge)
                                  0.000000    0.000000   clock source latency
     1    0.026289    0.123841    0.086049    0.086049 ^ i_clk (in)
                                                         i_clk (net)
                      0.123875    0.000000    0.086049 ^ clkbuf_0_i_clk/A (sky130_fd_sc_hd__clkbuf_16)
     4    0.048915    0.067836    0.176801    0.262850 ^ clkbuf_0_i_clk/X (sky130_fd_sc_hd__clkbuf_16)
                                                         clknet_0_i_clk (net)
                      0.067892    0.001709    0.264559 ^ clkbuf_2_2__f_i_clk/A (sky130_fd_sc_hd__clkbuf_16)
     6    0.041687    0.061257    0.151352    0.415912 ^ clkbuf_2_2__f_i_clk/X (sky130_fd_sc_hd__clkbuf_16)
                                                         clknet_2_2__leaf_i_clk (net)
                      0.061257    0.000296    0.416207 ^ clkbuf_leaf_3_i_clk/A (sky130_fd_sc_hd__clkbuf_8)
    11    0.032345    0.069925    0.153354    0.569562 ^ clkbuf_leaf_3_i_clk/X (sky130_fd_sc_hd__clkbuf_8)
                                                         clknet_leaf_3_i_clk (net)
                      0.069926    0.000404    0.569966 ^ _1097_/CLK (sky130_fd_sc_hd__dfstp_2)
     2    0.005821    0.027345    0.370337    0.940302 v _1097_/Q (sky130_fd_sc_hd__dfstp_2)
                                                         u_i2c_master_controller.cntrl_fsm.byte_rx_fsm.o_rx_ack_sda (net)
                      0.027345    0.000137    0.940439 v _0610_/D (sky130_fd_sc_hd__and4_2)
     1    0.006848    0.049625    0.232161    1.172601 v _0610_/X (sky130_fd_sc_hd__and4_2)
                                                         _0530_ (net)
                      0.049625    0.000267    1.172868 v _1290_/TE_B (sky130_fd_sc_hd__ebufn_2)
     2    0.047537    0.562274    0.453423    1.626291 ^ _1290_/Z (sky130_fd_sc_hd__ebufn_2)
                                                         io_sda (net)
                      0.562278    0.001255    1.627546 ^ io_sda (inout)
                                              1.627546   data arrival time

                                 32.000000   32.000000   clock i_clk (rise edge)
                                  0.000000   32.000000   clock network delay (propagated)
                                 -0.250000   31.750000   clock uncertainty
                                  0.000000   31.750000   clock reconvergence pessimism
                                 -6.000000   25.749998   output external delay
                                             25.749998   data required time
---------------------------------------------------------------------------------------------
                                             25.749998   data required time
                                             -1.627546   data arrival time
---------------------------------------------------------------------------------------------
                                             24.122452   slack (MET)




===========================================================================
report_checks --slack_max -0.01
============================================================================
======================= nom_tt_025C_1v80 Corner ===================================

No paths found.


===========================================================================
 report_check_types -max_slew -max_cap -max_fanout -violators
============================================================================
======================= nom_tt_025C_1v80 Corner ===================================

max fanout

Pin                                   Limit Fanout  Slack
---------------------------------------------------------
clkbuf_leaf_12_i_clk/X                   10     12     -2 (VIOLATED)
clkbuf_leaf_5_i_clk/X                    10     12     -2 (VIOLATED)
clkbuf_leaf_9_i_clk/X                    10     12     -2 (VIOLATED)
clkbuf_leaf_0_i_clk/X                    10     11        (VIOLATED)
clkbuf_leaf_14_i_clk/X                   10     11        (VIOLATED)
clkbuf_leaf_16_i_clk/X                   10     11        (VIOLATED)
clkbuf_leaf_19_i_clk/X                   10     11        (VIOLATED)
clkbuf_leaf_3_i_clk/X                    10     11        (VIOLATED)



===========================================================================
report_parasitic_annotation -report_unannotated
============================================================================
Found 19 unannotated drivers.
 i_clk_div_lsb[0]
 i_mode_reg[2]
 i_mode_reg[4]
 _1289__129/HI
 _1290__130/HI
 clkload0/X
 clkload1/X
 clkload10/Y
 clkload11/X
 clkload2/X
 clkload3/Y
 clkload4/X
 clkload5/X
 clkload6/X
 clkload7/X
 clkload8/Y
 clkload9/Y
 i2c_master_controller_top/HI
 i2c_master_controller_top_131/HI
Found 0 partially unannotated drivers.

===========================================================================
max slew violation count 0
max fanout violation count 8
max cap violation count 0
============================================================================

===========================================================================
check_setup -verbose -unconstrained_endpoints -multiple_clock -no_clock -no_input_delay -loops -generated_clocks
===========================================================================
