Clock: i_clk
Sources: i_clk 
Generated: no
Virtual: yes
Propagated: no
Period: 32.000000

===========================================================================
report_clock_properties
============================================================================
Clock                   Period          Waveform
----------------------------------------------------
i_clk                32.000000    0.000000 16.000000

===========================================================================
report_clock_latency
============================================================================
Clock i_clk
rise -> rise
    min     max
0.000000 0.000000 source latency
0.563897         network latency _1190_/CLK
        0.579755 network latency _1229_/CLK
---------------
0.563897 0.579755 latency
        0.015858 skew

fall -> fall
    min     max
0.000000 0.000000 source latency
0.524441         network latency _1190_/CLK
        0.535701 network latency _1229_/CLK
---------------
0.524441 0.535701 latency
        0.011260 skew



===========================================================================
report_clock_min_period
============================================================================
i_clk period_min = 3.20 fmax = 312.18
