
===========================================================================
 report_power
============================================================================
======================= nom_tt_025C_1v80 Corner ===================================

Group                    Internal    Switching      Leakage        Total
                            Power        Power        Power        Power (Watts)
------------------------------------------------------------------------
Sequential           2.681137e-04 9.691325e-07 2.459132e-09 2.690853e-04  53.8%
Combinational        1.757061e-05 1.629011e-05 3.492178e-09 3.386421e-05   6.8%
Clock                1.056573e-04 9.190258e-05 4.904156e-09 1.975648e-04  39.5%
Macro                0.000000e+00 0.000000e+00 0.000000e+00 0.000000e+00   0.0%
Pad                  0.000000e+00 0.000000e+00 0.000000e+00 0.000000e+00   0.0%
------------------------------------------------------------------------
Total                3.913416e-04 1.091618e-04 1.085552e-08 5.005143e-04 100.0%
                            78.2%        21.8%         0.0%

