Clock: i_clk
Sources: i_clk 
Generated: no
Virtual: yes
Propagated: no
Period: 32.000000

===========================================================================
report_clock_properties
============================================================================
Clock                   Period          Waveform
----------------------------------------------------
i_clk                32.000000    0.000000 16.000000

===========================================================================
report_clock_latency
============================================================================
Clock i_clk
rise -> rise
    min     max
0.000000 0.000000 source latency
0.551415         network latency _1190_/CLK
        0.565939 network latency _1229_/CLK
---------------
0.551415 0.565939 latency
        0.014524 skew

fall -> fall
    min     max
0.000000 0.000000 source latency
0.516478         network latency _1190_/CLK
        0.526656 network latency _1229_/CLK
---------------
0.516478 0.526656 latency
        0.010179 skew



===========================================================================
report_clock_min_period
============================================================================
i_clk period_min = 3.15 fmax = 317.38
