
===========================================================================
 report_power
============================================================================
======================= min_tt_025C_1v80 Corner ===================================

Group                    Internal    Switching      Leakage        Total
                            Power        Power        Power        Power (Watts)
------------------------------------------------------------------------
Sequential           2.681727e-04 9.418019e-07 2.459132e-09 2.691170e-04  54.2%
Combinational        1.756310e-05 1.572775e-05 3.492178e-09 3.329434e-05   6.7%
Clock                1.055836e-04 8.855369e-05 4.904156e-09 1.941422e-04  39.1%
Macro                0.000000e+00 0.000000e+00 0.000000e+00 0.000000e+00   0.0%
Pad                  0.000000e+00 0.000000e+00 0.000000e+00 0.000000e+00   0.0%
------------------------------------------------------------------------
Total                3.913194e-04 1.052232e-04 1.085552e-08 4.965535e-04 100.0%
                            78.8%        21.2%         0.0%

