Clock: i_clk
Sources: i_clk 
Generated: no
Virtual: yes
Propagated: no
Period: 32.000000

===========================================================================
report_clock_properties
============================================================================
Clock                   Period          Waveform
----------------------------------------------------
i_clk                32.000000    0.000000 16.000000

===========================================================================
report_clock_latency
============================================================================
Clock i_clk
rise -> rise
    min     max
0.000000 0.000000 source latency
0.962363         network latency _1190_/CLK
        0.987314 network latency _1229_/CLK
---------------
0.962363 0.987314 latency
        0.024951 skew

fall -> fall
    min     max
0.000000 0.000000 source latency
0.925887         network latency _1190_/CLK
        0.946599 network latency _1229_/CLK
---------------
0.925887 0.946599 latency
        0.020712 skew



===========================================================================
report_clock_min_period
============================================================================
i_clk period_min = 5.85 fmax = 170.97
