
===========================================================================
report_checks -unconstrained
===========================================================================
======================= nom_tt_025C_1v80 Corner ===================================

Startpoint: i_rst_n (input port clocked by i_clk)
Endpoint: _1085_ (recovery check against rising-edge clock i_clk)
Path Group: asynchronous
Path Type: max

Fanout         Cap        Slew       Delay        Time   Description
---------------------------------------------------------------------------------------------
                                  0.000000    0.000000   clock i_clk (rise edge)
                                  0.000000    0.000000   clock network delay (propagated)
                                  6.000000    6.000000 ^ input external delay
   203    0.748776    3.326732    2.298897    8.298897 ^ i_rst_n (in)
                                                         i_rst_n (net)
                      3.326905    0.000000    8.298897 ^ _1085_/RESET_B (sky130_fd_sc_hd__dfrtp_2)
                                              8.298897   data arrival time

                                 32.000000   32.000000   clock i_clk (rise edge)
                                  0.000000   32.000000   clock source latency
   211    0.519457    2.310960    1.589829   33.589828 ^ i_clk (in)
                                                         i_clk (net)
                      2.311002    0.000000   33.589828 ^ _1085_/CLK (sky130_fd_sc_hd__dfrtp_2)
                                 -0.250000   33.339828   clock uncertainty
                                  0.000000   33.339828   clock reconvergence pessimism
                                 -0.271773   33.068054   library recovery time
                                             33.068054   data required time
---------------------------------------------------------------------------------------------
                                             33.068054   data required time
                                             -8.298897   data arrival time
---------------------------------------------------------------------------------------------
                                             24.769157   slack (MET)


Startpoint: _1097_ (rising edge-triggered flip-flop clocked by i_clk)
Endpoint: io_sda (output port clocked by i_clk)
Path Group: i_clk
Path Type: max

Fanout         Cap        Slew       Delay        Time   Description
---------------------------------------------------------------------------------------------
                                  0.000000    0.000000   clock i_clk (rise edge)
                                  0.000000    0.000000   clock source latency
   211    0.519457    2.310960    1.594967    1.594967 ^ i_clk (in)
                                                         i_clk (net)
                      2.311070    0.000000    1.594967 ^ _1097_/CLK (sky130_fd_sc_hd__dfstp_2)
     2    0.004167    0.025237    0.669959    2.264925 v _1097_/Q (sky130_fd_sc_hd__dfstp_2)
                                                         u_i2c_master_controller.cntrl_fsm.byte_rx_fsm.o_rx_ack_sda (net)
                      0.025237    0.000002    2.264927 v _0610_/D (sky130_fd_sc_hd__and4_2)
     1    0.005556    0.047022    0.226779    2.491706 v _0610_/X (sky130_fd_sc_hd__and4_2)
                                                         _0530_ (net)
                      0.047022    0.000039    2.491745 v _1290_/TE_B (sky130_fd_sc_hd__ebufn_2)
     2    0.045351    0.536304    0.434042    2.925787 ^ _1290_/Z (sky130_fd_sc_hd__ebufn_2)
                                                         io_sda (net)
                      0.536305    0.000686    2.926474 ^ io_sda (inout)
                                              2.926474   data arrival time

                                 32.000000   32.000000   clock i_clk (rise edge)
                                  0.000000   32.000000   clock network delay (propagated)
                                 -0.250000   31.750000   clock uncertainty
                                  0.000000   31.750000   clock reconvergence pessimism
                                 -6.000000   25.749998   output external delay
                                             25.749998   data required time
---------------------------------------------------------------------------------------------
                                             25.749998   data required time
                                             -2.926474   data arrival time
---------------------------------------------------------------------------------------------
                                             22.823524   slack (MET)




===========================================================================
report_checks --slack_max -0.01
============================================================================
======================= nom_tt_025C_1v80 Corner ===================================

No paths found.


===========================================================================
 report_check_types -max_slew -max_cap -max_fanout -violators
============================================================================
======================= nom_tt_025C_1v80 Corner ===================================

max slew

Pin                                        Limit        Slew       Slack
------------------------------------------------------------------------
_1013_/B1                               0.750000    3.326938   -2.576938 (VIOLATED)
_1014_/B1                               0.750000    3.326939   -2.576939 (VIOLATED)
_1015_/B1                               0.750000    3.326939   -2.576939 (VIOLATED)
_1016_/B1                               0.750000    3.326939   -2.576939 (VIOLATED)
_1017_/B1                               0.750000    3.326940   -2.576940 (VIOLATED)
_1009_/B1                               0.750000    3.326936   -2.576936 (VIOLATED)
_1010_/B1                               0.750000    3.326935   -2.576935 (VIOLATED)
_1011_/B1                               0.750000    3.326936   -2.576936 (VIOLATED)
_1012_/B1                               0.750000    3.326937   -2.576937 (VIOLATED)
_1264_/RESET_B                          0.750000    3.326931   -2.576931 (VIOLATED)
_1265_/RESET_B                          0.750000    3.326932   -2.576932 (VIOLATED)
_1270_/RESET_B                          0.750000    3.326932   -2.576932 (VIOLATED)
_1269_/RESET_B                          0.750000    3.326929   -2.576929 (VIOLATED)
_0979_/B1                               0.750000    3.326925   -2.576926 (VIOLATED)
_0980_/B1                               0.750000    3.326926   -2.576926 (VIOLATED)
_0981_/B1                               0.750000    3.326926   -2.576926 (VIOLATED)
_1064_/B1                               0.750000    3.326925   -2.576925 (VIOLATED)
_1267_/RESET_B                          0.750000    3.326926   -2.576926 (VIOLATED)
_1063_/B1                               0.750000    3.326921   -2.576921 (VIOLATED)
_0978_/B1                               0.750000    3.326917   -2.576917 (VIOLATED)
_1062_/B1                               0.750000    3.326919   -2.576919 (VIOLATED)
_1060_/B1                               0.750000    3.326912   -2.576913 (VIOLATED)
_1038_/B1                               0.750000    3.326907   -2.576907 (VIOLATED)
_1097_/SET_B                            0.750000    3.326907   -2.576907 (VIOLATED)
_1083_/RESET_B                          0.750000    3.326904   -2.576904 (VIOLATED)
_1085_/RESET_B                          0.750000    3.326905   -2.576905 (VIOLATED)
_1087_/RESET_B                          0.750000    3.326905   -2.576905 (VIOLATED)
_1089_/RESET_B                          0.750000    3.326905   -2.576905 (VIOLATED)
_0996_/B1                               0.750000    3.326901   -2.576901 (VIOLATED)
_1125_/RESET_B                          0.750000    3.326902   -2.576902 (VIOLATED)
_1126_/RESET_B                          0.750000    3.326902   -2.576902 (VIOLATED)
_1127_/RESET_B                          0.750000    3.326902   -2.576902 (VIOLATED)
_1123_/RESET_B                          0.750000    3.326899   -2.576899 (VIOLATED)
_1124_/RESET_B                          0.750000    3.326901   -2.576901 (VIOLATED)
_1263_/RESET_B                          0.750000    3.326901   -2.576900 (VIOLATED)
_1268_/RESET_B                          0.750000    3.326901   -2.576901 (VIOLATED)
_1120_/RESET_B                          0.750000    3.326895   -2.576895 (VIOLATED)
_1121_/RESET_B                          0.750000    3.326897   -2.576896 (VIOLATED)
_1122_/RESET_B                          0.750000    3.326896   -2.576896 (VIOLATED)
_0989_/B1                               0.750000    3.326891   -2.576891 (VIOLATED)
_1020_/B1                               0.750000    3.326892   -2.576892 (VIOLATED)
_1119_/RESET_B                          0.750000    3.326891   -2.576892 (VIOLATED)
_1171_/SET_B                            0.750000    3.326890   -2.576890 (VIOLATED)
_1172_/RESET_B                          0.750000    3.326892   -2.576892 (VIOLATED)
_1193_/RESET_B                          0.750000    3.326890   -2.576890 (VIOLATED)
_1195_/RESET_B                          0.750000    3.326890   -2.576890 (VIOLATED)
_1196_/SET_B                            0.750000    3.326891   -2.576891 (VIOLATED)
_1198_/RESET_B                          0.750000    3.326889   -2.576890 (VIOLATED)
_1266_/RESET_B                          0.750000    3.326891   -2.576892 (VIOLATED)
_1039_/B1                               0.750000    3.326885   -2.576885 (VIOLATED)
_1041_/B1                               0.750000    3.326885   -2.576885 (VIOLATED)
_1168_/RESET_B                          0.750000    3.326886   -2.576886 (VIOLATED)
_1110_/RESET_B                          0.750000    3.326883   -2.576883 (VIOLATED)
_1169_/SET_B                            0.750000    3.326883   -2.576883 (VIOLATED)
_1194_/RESET_B                          0.750000    3.326885   -2.576885 (VIOLATED)
_1170_/RESET_B                          0.750000    3.326880   -2.576880 (VIOLATED)
_1188_/RESET_B                          0.750000    3.326877   -2.576877 (VIOLATED)
_1128_/RESET_B                          0.750000    3.326874   -2.576874 (VIOLATED)
_1167_/RESET_B                          0.750000    3.326870   -2.576870 (VIOLATED)
_1164_/RESET_B                          0.750000    3.326860   -2.576860 (VIOLATED)
_0993_/B1                               0.750000    3.326853   -2.576853 (VIOLATED)
_0994_/B1                               0.750000    3.326852   -2.576852 (VIOLATED)
_0995_/B1                               0.750000    3.326851   -2.576851 (VIOLATED)
_0997_/B1                               0.750000    3.326853   -2.576853 (VIOLATED)
_0998_/B1                               0.750000    3.326853   -2.576853 (VIOLATED)
_0999_/B1                               0.750000    3.326852   -2.576852 (VIOLATED)
_1037_/B1                               0.750000    3.326850   -2.576850 (VIOLATED)
_1042_/B1                               0.750000    3.326850   -2.576850 (VIOLATED)
_1162_/RESET_B                          0.750000    3.326851   -2.576851 (VIOLATED)
_1165_/RESET_B                          0.750000    3.326849   -2.576849 (VIOLATED)
_1159_/SET_B                            0.750000    3.326844   -2.576845 (VIOLATED)
_1190_/RESET_B                          0.750000    3.326841   -2.576841 (VIOLATED)
_1107_/RESET_B                          0.750000    3.326836   -2.576836 (VIOLATED)
_1034_/B1                               0.750000    3.326823   -2.576823 (VIOLATED)
_0982_/B1                               0.750000    3.326817   -2.576817 (VIOLATED)
_0983_/B1                               0.750000    3.326817   -2.576818 (VIOLATED)
_0984_/B1                               0.750000    3.326818   -2.576818 (VIOLATED)
_1021_/B1                               0.750000    3.326819   -2.576819 (VIOLATED)
_1024_/B1                               0.750000    3.326819   -2.576819 (VIOLATED)
_0985_/B1                               0.750000    3.326817   -2.576817 (VIOLATED)
_1033_/B1                               0.750000    3.326819   -2.576819 (VIOLATED)
_0986_/B1                               0.750000    3.326816   -2.576816 (VIOLATED)
_0987_/B1                               0.750000    3.326817   -2.576817 (VIOLATED)
_1008_/B1                               0.750000    3.326816   -2.576816 (VIOLATED)
_1018_/B1                               0.750000    3.326815   -2.576815 (VIOLATED)
_1019_/B1                               0.750000    3.326817   -2.576817 (VIOLATED)
_0977_/B1                               0.750000    3.326811   -2.576811 (VIOLATED)
_0988_/B1                               0.750000    3.326813   -2.576813 (VIOLATED)
_1000_/B1                               0.750000    3.326813   -2.576813 (VIOLATED)
_1001_/B1                               0.750000    3.326812   -2.576812 (VIOLATED)
_1002_/B1                               0.750000    3.326812   -2.576812 (VIOLATED)
_1003_/B1                               0.750000    3.326813   -2.576813 (VIOLATED)
_1066_/B1                               0.750000    3.326814   -2.576813 (VIOLATED)
_1067_/B1                               0.750000    3.326814   -2.576814 (VIOLATED)
_1065_/B1                               0.750000    3.326811   -2.576811 (VIOLATED)
_1043_/B1                               0.750000    3.326808   -2.576808 (VIOLATED)
_1059_/B1                               0.750000    3.326808   -2.576808 (VIOLATED)
_1061_/B1                               0.750000    3.326808   -2.576808 (VIOLATED)
_0991_/B1                               0.750000    3.326804   -2.576805 (VIOLATED)
_1004_/B1                               0.750000    3.326805   -2.576806 (VIOLATED)
_1005_/B1                               0.750000    3.326805   -2.576806 (VIOLATED)
_1006_/B1                               0.750000    3.326805   -2.576806 (VIOLATED)
_1082_/RESET_B                          0.750000    3.326807   -2.576807 (VIOLATED)
_1084_/RESET_B                          0.750000    3.326807   -2.576807 (VIOLATED)
_1086_/RESET_B                          0.750000    3.326807   -2.576807 (VIOLATED)
_1088_/RESET_B                          0.750000    3.326807   -2.576807 (VIOLATED)
_0992_/B1                               0.750000    3.326803   -2.576803 (VIOLATED)
_1007_/B1                               0.750000    3.326805   -2.576805 (VIOLATED)
_1115_/RESET_B                          0.750000    3.326804   -2.576804 (VIOLATED)
_1276_/RESET_B                          0.750000    3.326805   -2.576806 (VIOLATED)
_0990_/B1                               0.750000    3.326800   -2.576800 (VIOLATED)
_1070_/RESET_B                          0.750000    3.326800   -2.576800 (VIOLATED)
_1071_/RESET_B                          0.750000    3.326800   -2.576800 (VIOLATED)
_1112_/RESET_B                          0.750000    3.326801   -2.576802 (VIOLATED)
_1113_/RESET_B                          0.750000    3.326801   -2.576802 (VIOLATED)
_1114_/RESET_B                          0.750000    3.326801   -2.576802 (VIOLATED)
_1116_/RESET_B                          0.750000    3.326804   -2.576804 (VIOLATED)
_1117_/RESET_B                          0.750000    3.326804   -2.576804 (VIOLATED)
_1072_/RESET_B                          0.750000    3.326799   -2.576799 (VIOLATED)
_1073_/RESET_B                          0.750000    3.326800   -2.576800 (VIOLATED)
_1074_/RESET_B                          0.750000    3.326799   -2.576799 (VIOLATED)
_1189_/RESET_B                          0.750000    3.326801   -2.576801 (VIOLATED)
_1271_/RESET_B                          0.750000    3.326801   -2.576801 (VIOLATED)
_1272_/RESET_B                          0.750000    3.326800   -2.576800 (VIOLATED)
_1273_/RESET_B                          0.750000    3.326801   -2.576801 (VIOLATED)
_1274_/RESET_B                          0.750000    3.326798   -2.576798 (VIOLATED)
_1275_/RESET_B                          0.750000    3.326799   -2.576799 (VIOLATED)
_1277_/RESET_B                          0.750000    3.326800   -2.576800 (VIOLATED)
_1278_/RESET_B                          0.750000    3.326801   -2.576801 (VIOLATED)
_1111_/RESET_B                          0.750000    3.326795   -2.576795 (VIOLATED)
_1118_/RESET_B                          0.750000    3.326795   -2.576795 (VIOLATED)
_1163_/RESET_B                          0.750000    3.326795   -2.576795 (VIOLATED)
_1186_/RESET_B                          0.750000    3.326796   -2.576796 (VIOLATED)
_1197_/RESET_B                          0.750000    3.326797   -2.576797 (VIOLATED)
_1035_/B1                               0.750000    3.326792   -2.576792 (VIOLATED)
_1036_/B1                               0.750000    3.326792   -2.576792 (VIOLATED)
_1044_/B1                               0.750000    3.326794   -2.576794 (VIOLATED)
_1045_/B1                               0.750000    3.326794   -2.576794 (VIOLATED)
_1046_/B1                               0.750000    3.326793   -2.576793 (VIOLATED)
_1055_/B1                               0.750000    3.326794   -2.576794 (VIOLATED)
_1056_/B1                               0.750000    3.326795   -2.576795 (VIOLATED)
_1057_/B1                               0.750000    3.326795   -2.576795 (VIOLATED)
_1058_/B1                               0.750000    3.326795   -2.576795 (VIOLATED)
_1075_/RESET_B                          0.750000    3.326795   -2.576795 (VIOLATED)
_1076_/RESET_B                          0.750000    3.326793   -2.576793 (VIOLATED)
_1080_/RESET_B                          0.750000    3.326791   -2.576791 (VIOLATED)
_1106_/RESET_B                          0.750000    3.326792   -2.576792 (VIOLATED)
_1081_/RESET_B                          0.750000    3.326789   -2.576789 (VIOLATED)
_1160_/RESET_B                          0.750000    3.326791   -2.576791 (VIOLATED)
_1161_/RESET_B                          0.750000    3.326792   -2.576792 (VIOLATED)
_1166_/RESET_B                          0.750000    3.326793   -2.576793 (VIOLATED)
_1191_/RESET_B                          0.750000    3.326790   -2.576790 (VIOLATED)
_1047_/B1                               0.750000    3.326787   -2.576787 (VIOLATED)
_1108_/RESET_B                          0.750000    3.326787   -2.576787 (VIOLATED)
_1109_/RESET_B                          0.750000    3.326787   -2.576787 (VIOLATED)
_1173_/RESET_B                          0.750000    3.326786   -2.576786 (VIOLATED)
_1176_/RESET_B                          0.750000    3.326788   -2.576788 (VIOLATED)
_1179_/RESET_B                          0.750000    3.326789   -2.576789 (VIOLATED)
_1174_/RESET_B                          0.750000    3.326785   -2.576786 (VIOLATED)
_1175_/RESET_B                          0.750000    3.326786   -2.576786 (VIOLATED)
_0840_/B1                               0.750000    3.326781   -2.576781 (VIOLATED)
_1022_/B1                               0.750000    3.326781   -2.576782 (VIOLATED)
_1023_/B1                               0.750000    3.326781   -2.576782 (VIOLATED)
_1040_/B1                               0.750000    3.326782   -2.576782 (VIOLATED)
_1177_/RESET_B                          0.750000    3.326783   -2.576783 (VIOLATED)
_1180_/RESET_B                          0.750000    3.326783   -2.576783 (VIOLATED)
_1181_/RESET_B                          0.750000    3.326784   -2.576784 (VIOLATED)
_1184_/RESET_B                          0.750000    3.326786   -2.576786 (VIOLATED)
_1192_/RESET_B                          0.750000    3.326786   -2.576786 (VIOLATED)
_1185_/RESET_B                          0.750000    3.326783   -2.576783 (VIOLATED)
_1187_/RESET_B                          0.750000    3.326784   -2.576784 (VIOLATED)
_0976_/B1                               0.750000    3.326779   -2.576779 (VIOLATED)
_1048_/B1                               0.750000    3.326780   -2.576780 (VIOLATED)
_1049_/B1                               0.750000    3.326780   -2.576780 (VIOLATED)
_1050_/B1                               0.750000    3.326780   -2.576780 (VIOLATED)
_1051_/B1                               0.750000    3.326781   -2.576781 (VIOLATED)
_1052_/B1                               0.750000    3.326781   -2.576781 (VIOLATED)
_1053_/B1                               0.750000    3.326781   -2.576781 (VIOLATED)
_1054_/B1                               0.750000    3.326781   -2.576782 (VIOLATED)
_1078_/RESET_B                          0.750000    3.326778   -2.576778 (VIOLATED)
_1079_/RESET_B                          0.750000    3.326778   -2.576778 (VIOLATED)
_1091_/RESET_B                          0.750000    3.326780   -2.576780 (VIOLATED)
_1092_/RESET_B                          0.750000    3.326780   -2.576780 (VIOLATED)
_1093_/RESET_B                          0.750000    3.326780   -2.576780 (VIOLATED)
_1094_/RESET_B                          0.750000    3.326780   -2.576780 (VIOLATED)
_1095_/RESET_B                          0.750000    3.326775   -2.576775 (VIOLATED)
_1096_/RESET_B                          0.750000    3.326776   -2.576776 (VIOLATED)
_1025_/B1                               0.750000    3.326771   -2.576771 (VIOLATED)
_1090_/RESET_B                          0.750000    3.326772   -2.576772 (VIOLATED)
_0848_/C_N                              0.750000    3.326767   -2.576767 (VIOLATED)
_1026_/B1                               0.750000    3.326766   -2.576766 (VIOLATED)
_1183_/RESET_B                          0.750000    3.326766   -2.576766 (VIOLATED)
_1178_/RESET_B                          0.750000    3.326762   -2.576762 (VIOLATED)
_1027_/B1                               0.750000    3.326759   -2.576759 (VIOLATED)
_1028_/B1                               0.750000    3.326757   -2.576757 (VIOLATED)
_1182_/RESET_B                          0.750000    3.326760   -2.576760 (VIOLATED)
_1261_/RESET_B                          0.750000    3.326756   -2.576755 (VIOLATED)
_1029_/B1                               0.750000    3.326753   -2.576753 (VIOLATED)
_1030_/B1                               0.750000    3.326744   -2.576744 (VIOLATED)
_1031_/B1                               0.750000    3.326746   -2.576746 (VIOLATED)
_1032_/B1                               0.750000    3.326745   -2.576745 (VIOLATED)
_1260_/RESET_B                          0.750000    3.326741   -2.576741 (VIOLATED)
_1262_/RESET_B                          0.750000    3.326742   -2.576742 (VIOLATED)
i_rst_n                                 0.750000    3.326732   -2.576732 (VIOLATED)
_1077_/CLK                              0.750000    2.311183   -1.561183 (VIOLATED)
_1090_/CLK                              0.750000    2.311182   -1.561182 (VIOLATED)
_1178_/CLK                              0.750000    2.311183   -1.561184 (VIOLATED)
_1182_/CLK                              0.750000    2.311184   -1.561184 (VIOLATED)
_1183_/CLK                              0.750000    2.311183   -1.561183 (VIOLATED)
_1181_/CLK                              0.750000    2.311181   -1.561181 (VIOLATED)
_1222_/CLK                              0.750000    2.311182   -1.561182 (VIOLATED)
_1223_/CLK                              0.750000    2.311182   -1.561182 (VIOLATED)
_1224_/CLK                              0.750000    2.311181   -1.561181 (VIOLATED)
_1260_/CLK                              0.750000    2.311182   -1.561182 (VIOLATED)
_1261_/CLK                              0.750000    2.311184   -1.561184 (VIOLATED)
_1262_/CLK                              0.750000    2.311182   -1.561182 (VIOLATED)
_1227_/CLK                              0.750000    2.311180   -1.561180 (VIOLATED)
_1228_/CLK                              0.750000    2.311180   -1.561180 (VIOLATED)
_1091_/CLK                              0.750000    2.311173   -1.561173 (VIOLATED)
_1092_/CLK                              0.750000    2.311173   -1.561173 (VIOLATED)
_1225_/CLK                              0.750000    2.311174   -1.561174 (VIOLATED)
_1093_/CLK                              0.750000    2.311172   -1.561172 (VIOLATED)
_1094_/CLK                              0.750000    2.311172   -1.561172 (VIOLATED)
_1095_/CLK                              0.750000    2.311173   -1.561173 (VIOLATED)
_1096_/CLK                              0.750000    2.311173   -1.561173 (VIOLATED)
_1226_/CLK                              0.750000    2.311173   -1.561173 (VIOLATED)
_1107_/CLK                              0.750000    2.311170   -1.561170 (VIOLATED)
_1108_/CLK                              0.750000    2.311170   -1.561170 (VIOLATED)
_1109_/CLK                              0.750000    2.311170   -1.561170 (VIOLATED)
_1173_/CLK                              0.750000    2.311171   -1.561171 (VIOLATED)
_1175_/CLK                              0.750000    2.311171   -1.561171 (VIOLATED)
_1177_/CLK                              0.750000    2.311171   -1.561171 (VIOLATED)
_1180_/CLK                              0.750000    2.311172   -1.561172 (VIOLATED)
_1187_/CLK                              0.750000    2.311171   -1.561171 (VIOLATED)
_1159_/CLK                              0.750000    2.311168   -1.561168 (VIOLATED)
_1160_/CLK                              0.750000    2.311167   -1.561168 (VIOLATED)
_1190_/CLK                              0.750000    2.311169   -1.561169 (VIOLATED)
_1161_/CLK                              0.750000    2.311167   -1.561167 (VIOLATED)
_1166_/CLK                              0.750000    2.311167   -1.561167 (VIOLATED)
_1162_/CLK                              0.750000    2.311165   -1.561165 (VIOLATED)
_1106_/CLK                              0.750000    2.311163   -1.561163 (VIOLATED)
_1164_/CLK                              0.750000    2.311162   -1.561162 (VIOLATED)
_1167_/CLK                              0.750000    2.311159   -1.561159 (VIOLATED)
_1128_/CLK                              0.750000    2.311157   -1.561157 (VIOLATED)
_1188_/CLK                              0.750000    2.311152   -1.561152 (VIOLATED)
_1163_/CLK                              0.750000    2.311146   -1.561146 (VIOLATED)
_1170_/CLK                              0.750000    2.311147   -1.561148 (VIOLATED)
_1186_/CLK                              0.750000    2.311146   -1.561146 (VIOLATED)
_1197_/CLK                              0.750000    2.311146   -1.561146 (VIOLATED)
_1169_/CLK                              0.750000    2.311143   -1.561143 (VIOLATED)
_1168_/CLK                              0.750000    2.311138   -1.561138 (VIOLATED)
_1111_/CLK                              0.750000    2.311136   -1.561136 (VIOLATED)
_1112_/CLK                              0.750000    2.311137   -1.561137 (VIOLATED)
_1113_/CLK                              0.750000    2.311137   -1.561137 (VIOLATED)
_1114_/CLK                              0.750000    2.311137   -1.561137 (VIOLATED)
_1118_/CLK                              0.750000    2.311136   -1.561136 (VIOLATED)
_1272_/CLK                              0.750000    2.311135   -1.561135 (VIOLATED)
_1274_/CLK                              0.750000    2.311134   -1.561134 (VIOLATED)
_1275_/CLK                              0.750000    2.311135   -1.561134 (VIOLATED)
_1277_/CLK                              0.750000    2.311135   -1.561135 (VIOLATED)
_1193_/CLK                              0.750000    2.311131   -1.561131 (VIOLATED)
_1120_/CLK                              0.750000    2.311118   -1.561118 (VIOLATED)
_1121_/CLK                              0.750000    2.311112   -1.561112 (VIOLATED)
_1122_/CLK                              0.750000    2.311109   -1.561109 (VIOLATED)
_1123_/CLK                              0.750000    2.311095   -1.561095 (VIOLATED)
_1141_/CLK                              0.750000    2.311086   -1.561087 (VIOLATED)
_1171_/CLK                              0.750000    2.311086   -1.561086 (VIOLATED)
_1172_/CLK                              0.750000    2.311086   -1.561086 (VIOLATED)
_1195_/CLK                              0.750000    2.311086   -1.561086 (VIOLATED)
_1119_/CLK                              0.750000    2.311084   -1.561084 (VIOLATED)
_1196_/CLK                              0.750000    2.311085   -1.561085 (VIOLATED)
_1198_/CLK                              0.750000    2.311086   -1.561086 (VIOLATED)
_1212_/CLK                              0.750000    2.311086   -1.561087 (VIOLATED)
_1165_/CLK                              0.750000    2.311082   -1.561082 (VIOLATED)
_1213_/CLK                              0.750000    2.311082   -1.561082 (VIOLATED)
_1229_/CLK                              0.750000    2.311082   -1.561082 (VIOLATED)
_1266_/CLK                              0.750000    2.311083   -1.561083 (VIOLATED)
_1105_/CLK                              0.750000    2.311080   -1.561080 (VIOLATED)
_1146_/CLK                              0.750000    2.311080   -1.561079 (VIOLATED)
_1147_/CLK                              0.750000    2.311081   -1.561081 (VIOLATED)
_1151_/CLK                              0.750000    2.311080   -1.561081 (VIOLATED)
_1214_/CLK                              0.750000    2.311081   -1.561081 (VIOLATED)
_1215_/CLK                              0.750000    2.311081   -1.561081 (VIOLATED)
_1216_/CLK                              0.750000    2.311082   -1.561082 (VIOLATED)
_1232_/CLK                              0.750000    2.311080   -1.561081 (VIOLATED)
_1234_/CLK                              0.750000    2.311082   -1.561082 (VIOLATED)
_1110_/CLK                              0.750000    2.311078   -1.561078 (VIOLATED)
_1145_/CLK                              0.750000    2.311076   -1.561077 (VIOLATED)
_1149_/CLK                              0.750000    2.311077   -1.561077 (VIOLATED)
_1194_/CLK                              0.750000    2.311078   -1.561078 (VIOLATED)
_1231_/CLK                              0.750000    2.311078   -1.561078 (VIOLATED)
_1233_/CLK                              0.750000    2.311078   -1.561078 (VIOLATED)
_1148_/CLK                              0.750000    2.311074   -1.561074 (VIOLATED)
_1150_/CLK                              0.750000    2.311075   -1.561075 (VIOLATED)
_1263_/CLK                              0.750000    2.311074   -1.561074 (VIOLATED)
_1097_/CLK                              0.750000    2.311070   -1.561071 (VIOLATED)
_1230_/CLK                              0.750000    2.311070   -1.561071 (VIOLATED)
_1098_/CLK                              0.750000    2.311067   -1.561067 (VIOLATED)
_1252_/CLK                              0.750000    2.311067   -1.561067 (VIOLATED)
_1130_/CLK                              0.750000    2.311064   -1.561064 (VIOLATED)
_1156_/CLK                              0.750000    2.311064   -1.561064 (VIOLATED)
_1157_/CLK                              0.750000    2.311064   -1.561064 (VIOLATED)
_1158_/CLK                              0.750000    2.311064   -1.561064 (VIOLATED)
_1199_/CLK                              0.750000    2.311064   -1.561064 (VIOLATED)
_1254_/CLK                              0.750000    2.311063   -1.561063 (VIOLATED)
_1255_/CLK                              0.750000    2.311061   -1.561061 (VIOLATED)
_1256_/CLK                              0.750000    2.311058   -1.561058 (VIOLATED)
_1267_/CLK                              0.750000    2.311056   -1.561056 (VIOLATED)
_1269_/CLK                              0.750000    2.311044   -1.561044 (VIOLATED)
_1068_/CLK                              0.750000    2.311038   -1.561039 (VIOLATED)
_1069_/CLK                              0.750000    2.311039   -1.561039 (VIOLATED)
_1078_/CLK                              0.750000    2.311039   -1.561039 (VIOLATED)
_1079_/CLK                              0.750000    2.311039   -1.561039 (VIOLATED)
_1217_/CLK                              0.750000    2.311040   -1.561040 (VIOLATED)
_1218_/CLK                              0.750000    2.311041   -1.561041 (VIOLATED)
_1219_/CLK                              0.750000    2.311041   -1.561041 (VIOLATED)
_1220_/CLK                              0.750000    2.311041   -1.561041 (VIOLATED)
_1221_/CLK                              0.750000    2.311041   -1.561041 (VIOLATED)
_1239_/CLK                              0.750000    2.311037   -1.561037 (VIOLATED)
_1075_/CLK                              0.750000    2.311033   -1.561033 (VIOLATED)
_1076_/CLK                              0.750000    2.311034   -1.561034 (VIOLATED)
_1080_/CLK                              0.750000    2.311034   -1.561034 (VIOLATED)
_1081_/CLK                              0.750000    2.311035   -1.561035 (VIOLATED)
_1174_/CLK                              0.750000    2.311035   -1.561036 (VIOLATED)
_1176_/CLK                              0.750000    2.311035   -1.561035 (VIOLATED)
_1179_/CLK                              0.750000    2.311035   -1.561035 (VIOLATED)
_1184_/CLK                              0.750000    2.311035   -1.561036 (VIOLATED)
_1185_/CLK                              0.750000    2.311035   -1.561036 (VIOLATED)
_1191_/CLK                              0.750000    2.311035   -1.561035 (VIOLATED)
_1192_/CLK                              0.750000    2.311035   -1.561036 (VIOLATED)
_1236_/CLK                              0.750000    2.311034   -1.561035 (VIOLATED)
_1237_/CLK                              0.750000    2.311034   -1.561034 (VIOLATED)
_1238_/CLK                              0.750000    2.311035   -1.561035 (VIOLATED)
_1072_/CLK                              0.750000    2.311031   -1.561031 (VIOLATED)
_1142_/CLK                              0.750000    2.311032   -1.561032 (VIOLATED)
_1189_/CLK                              0.750000    2.311032   -1.561032 (VIOLATED)
_1264_/CLK                              0.750000    2.311033   -1.561033 (VIOLATED)
_1074_/CLK                              0.750000    2.311030   -1.561030 (VIOLATED)
_1083_/CLK                              0.750000    2.311029   -1.561029 (VIOLATED)
_1104_/CLK                              0.750000    2.311029   -1.561029 (VIOLATED)
_1143_/CLK                              0.750000    2.311029   -1.561029 (VIOLATED)
_1144_/CLK                              0.750000    2.311031   -1.561031 (VIOLATED)
_1265_/CLK                              0.750000    2.311029   -1.561029 (VIOLATED)
_1268_/CLK                              0.750000    2.311029   -1.561029 (VIOLATED)
_1070_/CLK                              0.750000    2.311027   -1.561027 (VIOLATED)
_1071_/CLK                              0.750000    2.311028   -1.561027 (VIOLATED)
_1073_/CLK                              0.750000    2.311026   -1.561026 (VIOLATED)
_1235_/CLK                              0.750000    2.311027   -1.561027 (VIOLATED)
_1251_/CLK                              0.750000    2.311027   -1.561027 (VIOLATED)
_1253_/CLK                              0.750000    2.311027   -1.561027 (VIOLATED)
_1270_/CLK                              0.750000    2.311028   -1.561028 (VIOLATED)
_1129_/CLK                              0.750000    2.311025   -1.561025 (VIOLATED)
_1257_/CLK                              0.750000    2.311025   -1.561025 (VIOLATED)
_1115_/CLK                              0.750000    2.311021   -1.561021 (VIOLATED)
_1116_/CLK                              0.750000    2.311021   -1.561021 (VIOLATED)
_1117_/CLK                              0.750000    2.311021   -1.561021 (VIOLATED)
_1153_/CLK                              0.750000    2.311022   -1.561022 (VIOLATED)
_1154_/CLK                              0.750000    2.311022   -1.561022 (VIOLATED)
_1086_/CLK                              0.750000    2.311019   -1.561019 (VIOLATED)
_1152_/CLK                              0.750000    2.311018   -1.561019 (VIOLATED)
_1271_/CLK                              0.750000    2.311020   -1.561020 (VIOLATED)
_1273_/CLK                              0.750000    2.311020   -1.561020 (VIOLATED)
_1276_/CLK                              0.750000    2.311020   -1.561020 (VIOLATED)
_1278_/CLK                              0.750000    2.311020   -1.561020 (VIOLATED)
_1082_/CLK                              0.750000    2.311017   -1.561017 (VIOLATED)
_1088_/CLK                              0.750000    2.311018   -1.561018 (VIOLATED)
_1084_/CLK                              0.750000    2.311016   -1.561016 (VIOLATED)
_1140_/CLK                              0.750000    2.311016   -1.561016 (VIOLATED)
_1155_/CLK                              0.750000    2.311017   -1.561017 (VIOLATED)
_1124_/CLK                              0.750000    2.311009   -1.561010 (VIOLATED)
_1125_/CLK                              0.750000    2.311009   -1.561010 (VIOLATED)
_1126_/CLK                              0.750000    2.311011   -1.561011 (VIOLATED)
_1131_/CLK                              0.750000    2.311012   -1.561011 (VIOLATED)
_1132_/CLK                              0.750000    2.311012   -1.561012 (VIOLATED)
_1127_/CLK                              0.750000    2.311009   -1.561009 (VIOLATED)
_1133_/CLK                              0.750000    2.311010   -1.561010 (VIOLATED)
_1087_/CLK                              0.750000    2.311003   -1.561003 (VIOLATED)
_1202_/CLK                              0.750000    2.311005   -1.561005 (VIOLATED)
_1085_/CLK                              0.750000    2.311002   -1.561002 (VIOLATED)
_1089_/CLK                              0.750000    2.311003   -1.561003 (VIOLATED)
_1103_/CLK                              0.750000    2.310997   -1.560997 (VIOLATED)
_1099_/CLK                              0.750000    2.310994   -1.560994 (VIOLATED)
_1102_/CLK                              0.750000    2.310995   -1.560995 (VIOLATED)
_1100_/CLK                              0.750000    2.310992   -1.560992 (VIOLATED)
_1101_/CLK                              0.750000    2.310992   -1.560992 (VIOLATED)
_1204_/CLK                              0.750000    2.310989   -1.560989 (VIOLATED)
_1201_/CLK                              0.750000    2.310986   -1.560985 (VIOLATED)
_1203_/CLK                              0.750000    2.310985   -1.560985 (VIOLATED)
_1205_/CLK                              0.750000    2.310976   -1.560976 (VIOLATED)
_1240_/CLK                              0.750000    2.310971   -1.560971 (VIOLATED)
_1241_/CLK                              0.750000    2.310971   -1.560971 (VIOLATED)
_1242_/CLK                              0.750000    2.310971   -1.560971 (VIOLATED)
_1243_/CLK                              0.750000    2.310971   -1.560971 (VIOLATED)
_1244_/CLK                              0.750000    2.310971   -1.560971 (VIOLATED)
_1245_/CLK                              0.750000    2.310971   -1.560971 (VIOLATED)
_1246_/CLK                              0.750000    2.310970   -1.560970 (VIOLATED)
_1247_/CLK                              0.750000    2.310970   -1.560970 (VIOLATED)
_1248_/CLK                              0.750000    2.310970   -1.560970 (VIOLATED)
_1249_/CLK                              0.750000    2.310969   -1.560969 (VIOLATED)
_1250_/CLK                              0.750000    2.310970   -1.560969 (VIOLATED)
_1200_/CLK                              0.750000    2.310967   -1.560968 (VIOLATED)
_1206_/CLK                              0.750000    2.310969   -1.560969 (VIOLATED)
_1210_/CLK                              0.750000    2.310968   -1.560968 (VIOLATED)
_1258_/CLK                              0.750000    2.310969   -1.560969 (VIOLATED)
_1259_/CLK                              0.750000    2.310969   -1.560969 (VIOLATED)
_1134_/CLK                              0.750000    2.310965   -1.560965 (VIOLATED)
_1135_/CLK                              0.750000    2.310965   -1.560965 (VIOLATED)
_1136_/CLK                              0.750000    2.310965   -1.560965 (VIOLATED)
_1137_/CLK                              0.750000    2.310966   -1.560966 (VIOLATED)
_1138_/CLK                              0.750000    2.310967   -1.560967 (VIOLATED)
_1139_/CLK                              0.750000    2.310966   -1.560966 (VIOLATED)
_1207_/CLK                              0.750000    2.310965   -1.560965 (VIOLATED)
_1208_/CLK                              0.750000    2.310963   -1.560963 (VIOLATED)
_1209_/CLK                              0.750000    2.310964   -1.560964 (VIOLATED)
_1211_/CLK                              0.750000    2.310965   -1.560965 (VIOLATED)
i_clk                                   0.750000    2.310960   -1.560960 (VIOLATED)
_0982_/A2                               0.750000    1.392301   -0.642301 (VIOLATED)
_0983_/A2                               0.750000    1.392302   -0.642302 (VIOLATED)
_0984_/A2                               0.750000    1.392302   -0.642302 (VIOLATED)
_0985_/A2                               0.750000    1.392301   -0.642301 (VIOLATED)
_0986_/A2                               0.750000    1.392300   -0.642300 (VIOLATED)
_0987_/A2                               0.750000    1.392301   -0.642301 (VIOLATED)
_1019_/A2                               0.750000    1.392301   -0.642301 (VIOLATED)
_1008_/A2                               0.750000    1.392300   -0.642300 (VIOLATED)
_1018_/A2                               0.750000    1.392299   -0.642299 (VIOLATED)
_1067_/A2                               0.750000    1.392298   -0.642298 (VIOLATED)
_1066_/A2                               0.750000    1.392297   -0.642297 (VIOLATED)
_0988_/A2                               0.750000    1.392296   -0.642296 (VIOLATED)
_1000_/A2                               0.750000    1.392296   -0.642296 (VIOLATED)
_1003_/A2                               0.750000    1.392296   -0.642296 (VIOLATED)
_1001_/A2                               0.750000    1.392295   -0.642295 (VIOLATED)
_1002_/A2                               0.750000    1.392295   -0.642295 (VIOLATED)
_0977_/A2                               0.750000    1.392294   -0.642294 (VIOLATED)
_1065_/A2                               0.750000    1.392294   -0.642294 (VIOLATED)
_1043_/A2                               0.750000    1.392291   -0.642291 (VIOLATED)
_1059_/A2                               0.750000    1.392291   -0.642291 (VIOLATED)
_1061_/A2                               0.750000    1.392291   -0.642291 (VIOLATED)
_1016_/A2                               0.750000    1.392287   -0.642287 (VIOLATED)
_1017_/A2                               0.750000    1.392287   -0.642288 (VIOLATED)
_0991_/A2                               0.750000    1.392286   -0.642286 (VIOLATED)
_1013_/A2                               0.750000    1.392287   -0.642287 (VIOLATED)
_1014_/A2                               0.750000    1.392287   -0.642287 (VIOLATED)
_1015_/A2                               0.750000    1.392287   -0.642287 (VIOLATED)
_1012_/A2                               0.750000    1.392286   -0.642286 (VIOLATED)
_0992_/A2                               0.750000    1.392285   -0.642285 (VIOLATED)
_1009_/A2                               0.750000    1.392285   -0.642285 (VIOLATED)
_1010_/A2                               0.750000    1.392285   -0.642285 (VIOLATED)
_1011_/A2                               0.750000    1.392285   -0.642285 (VIOLATED)
_0980_/A2                               0.750000    1.392282   -0.642282 (VIOLATED)
_0981_/A2                               0.750000    1.392283   -0.642283 (VIOLATED)
_0990_/A2                               0.750000    1.392282   -0.642282 (VIOLATED)
_0979_/A2                               0.750000    1.392281   -0.642281 (VIOLATED)
_1056_/A2                               0.750000    1.392278   -0.642278 (VIOLATED)
_1057_/A2                               0.750000    1.392279   -0.642279 (VIOLATED)
_1058_/A2                               0.750000    1.392279   -0.642279 (VIOLATED)
_1064_/A2                               0.750000    1.392279   -0.642279 (VIOLATED)
_1044_/A2                               0.750000    1.392277   -0.642277 (VIOLATED)
_1045_/A2                               0.750000    1.392278   -0.642278 (VIOLATED)
_1055_/A2                               0.750000    1.392278   -0.642278 (VIOLATED)
_1063_/A2                               0.750000    1.392278   -0.642278 (VIOLATED)
_0978_/A2                               0.750000    1.392276   -0.642276 (VIOLATED)
_1046_/A2                               0.750000    1.392276   -0.642276 (VIOLATED)
_1062_/A2                               0.750000    1.392277   -0.642277 (VIOLATED)
_1060_/A2                               0.750000    1.392274   -0.642274 (VIOLATED)
_1038_/A2                               0.750000    1.392272   -0.642272 (VIOLATED)
_1051_/A2                               0.750000    1.392272   -0.642272 (VIOLATED)
_1052_/A2                               0.750000    1.392272   -0.642272 (VIOLATED)
_1053_/A2                               0.750000    1.392272   -0.642272 (VIOLATED)
_1054_/A2                               0.750000    1.392272   -0.642272 (VIOLATED)
_1047_/A2                               0.750000    1.392271   -0.642271 (VIOLATED)
_1048_/A2                               0.750000    1.392271   -0.642271 (VIOLATED)
_1049_/A2                               0.750000    1.392271   -0.642271 (VIOLATED)
_1050_/A2                               0.750000    1.392271   -0.642271 (VIOLATED)
_0996_/A2                               0.750000    1.392270   -0.642270 (VIOLATED)
_0989_/A2                               0.750000    1.392266   -0.642266 (VIOLATED)
_1020_/A2                               0.750000    1.392267   -0.642266 (VIOLATED)
_0840_/A2                               0.750000    1.392264   -0.642264 (VIOLATED)
_1022_/A2                               0.750000    1.392265   -0.642265 (VIOLATED)
_0976_/A2                               0.750000    1.392264   -0.642264 (VIOLATED)
_1004_/A2                               0.750000    1.392264   -0.642264 (VIOLATED)
_1005_/A2                               0.750000    1.392264   -0.642264 (VIOLATED)
_1006_/A2                               0.750000    1.392264   -0.642264 (VIOLATED)
_1007_/A2                               0.750000    1.392264   -0.642264 (VIOLATED)
_1023_/A2                               0.750000    1.392265   -0.642265 (VIOLATED)
_1040_/A2                               0.750000    1.392265   -0.642265 (VIOLATED)
_0993_/A2                               0.750000    1.392263   -0.642263 (VIOLATED)
_1039_/A2                               0.750000    1.392264   -0.642264 (VIOLATED)
_1041_/A2                               0.750000    1.392264   -0.642264 (VIOLATED)
_0997_/A2                               0.750000    1.392263   -0.642263 (VIOLATED)
_0998_/A2                               0.750000    1.392264   -0.642264 (VIOLATED)
_0994_/A2                               0.750000    1.392262   -0.642262 (VIOLATED)
_0995_/A2                               0.750000    1.392262   -0.642262 (VIOLATED)
_0999_/A2                               0.750000    1.392262   -0.642262 (VIOLATED)
_1042_/A2                               0.750000    1.392261   -0.642261 (VIOLATED)
_1037_/A2                               0.750000    1.392260   -0.642260 (VIOLATED)
_1025_/A2                               0.750000    1.392258   -0.642258 (VIOLATED)
_1021_/A2                               0.750000    1.392257   -0.642257 (VIOLATED)
_1024_/A2                               0.750000    1.392256   -0.642256 (VIOLATED)
_1026_/A2                               0.750000    1.392256   -0.642256 (VIOLATED)
_1027_/A2                               0.750000    1.392256   -0.642256 (VIOLATED)
_1028_/A2                               0.750000    1.392256   -0.642256 (VIOLATED)
_1029_/A2                               0.750000    1.392256   -0.642256 (VIOLATED)
_1030_/A2                               0.750000    1.392256   -0.642256 (VIOLATED)
_1031_/A2                               0.750000    1.392256   -0.642256 (VIOLATED)
_1032_/A2                               0.750000    1.392256   -0.642256 (VIOLATED)
_1033_/A2                               0.750000    1.392256   -0.642256 (VIOLATED)
_1034_/A2                               0.750000    1.392256   -0.642256 (VIOLATED)
_1035_/A2                               0.750000    1.392256   -0.642256 (VIOLATED)
_1036_/A2                               0.750000    1.392256   -0.642256 (VIOLATED)
_1260_/Q                                0.750000    1.392256   -0.642256 (VIOLATED)
_0983_/A1                               0.750000    1.288235   -0.538235 (VIOLATED)
_0984_/A1                               0.750000    1.288235   -0.538235 (VIOLATED)
_0982_/A1                               0.750000    1.288234   -0.538234 (VIOLATED)
_0985_/A1                               0.750000    1.288233   -0.538233 (VIOLATED)
_0987_/A1                               0.750000    1.288233   -0.538233 (VIOLATED)
_1019_/A1                               0.750000    1.288233   -0.538233 (VIOLATED)
_0986_/A1                               0.750000    1.288233   -0.538233 (VIOLATED)
_1008_/A1                               0.750000    1.288232   -0.538232 (VIOLATED)
_1018_/A1                               0.750000    1.288231   -0.538231 (VIOLATED)
_1067_/A1                               0.750000    1.288230   -0.538230 (VIOLATED)
_1066_/A1                               0.750000    1.288229   -0.538229 (VIOLATED)
_0988_/A1                               0.750000    1.288227   -0.538227 (VIOLATED)
_1000_/A1                               0.750000    1.288227   -0.538227 (VIOLATED)
_1003_/A1                               0.750000    1.288227   -0.538227 (VIOLATED)
_1001_/A1                               0.750000    1.288226   -0.538226 (VIOLATED)
_1002_/A1                               0.750000    1.288226   -0.538226 (VIOLATED)
_0977_/A1                               0.750000    1.288225   -0.538225 (VIOLATED)
_1065_/A1                               0.750000    1.288225   -0.538225 (VIOLATED)
_1043_/A1                               0.750000    1.288221   -0.538221 (VIOLATED)
_1059_/A1                               0.750000    1.288221   -0.538221 (VIOLATED)
_1061_/A1                               0.750000    1.288221   -0.538221 (VIOLATED)
_1014_/A1                               0.750000    1.288216   -0.538216 (VIOLATED)
_1015_/A1                               0.750000    1.288216   -0.538216 (VIOLATED)
_1016_/A1                               0.750000    1.288217   -0.538217 (VIOLATED)
_1017_/A1                               0.750000    1.288217   -0.538217 (VIOLATED)
_0991_/A1                               0.750000    1.288215   -0.538215 (VIOLATED)
_1013_/A1                               0.750000    1.288216   -0.538216 (VIOLATED)
_1012_/A1                               0.750000    1.288215   -0.538215 (VIOLATED)
_0992_/A1                               0.750000    1.288214   -0.538214 (VIOLATED)
_1009_/A1                               0.750000    1.288213   -0.538213 (VIOLATED)
_1010_/A1                               0.750000    1.288213   -0.538213 (VIOLATED)
_1011_/A1                               0.750000    1.288213   -0.538213 (VIOLATED)
_0981_/A1                               0.750000    1.288211   -0.538211 (VIOLATED)
_0980_/A1                               0.750000    1.288210   -0.538210 (VIOLATED)
_0990_/A1                               0.750000    1.288210   -0.538210 (VIOLATED)
_0979_/A1                               0.750000    1.288208   -0.538208 (VIOLATED)
_1056_/A1                               0.750000    1.288205   -0.538205 (VIOLATED)
_1057_/A1                               0.750000    1.288206   -0.538206 (VIOLATED)
_1058_/A1                               0.750000    1.288206   -0.538206 (VIOLATED)
_1064_/A1                               0.750000    1.288206   -0.538206 (VIOLATED)
_1044_/A1                               0.750000    1.288204   -0.538204 (VIOLATED)
_1045_/A1                               0.750000    1.288204   -0.538204 (VIOLATED)
_1055_/A1                               0.750000    1.288204   -0.538204 (VIOLATED)
_1063_/A1                               0.750000    1.288204   -0.538204 (VIOLATED)
_1046_/A1                               0.750000    1.288203   -0.538203 (VIOLATED)
_1062_/A1                               0.750000    1.288203   -0.538203 (VIOLATED)
_0978_/A1                               0.750000    1.288202   -0.538202 (VIOLATED)
_1060_/A1                               0.750000    1.288199   -0.538199 (VIOLATED)
_1054_/A1                               0.750000    1.288197   -0.538197 (VIOLATED)
_1038_/A1                               0.750000    1.288196   -0.538196 (VIOLATED)
_1051_/A1                               0.750000    1.288196   -0.538196 (VIOLATED)
_1052_/A1                               0.750000    1.288196   -0.538196 (VIOLATED)
_1053_/A1                               0.750000    1.288196   -0.538197 (VIOLATED)
_1047_/A1                               0.750000    1.288195   -0.538195 (VIOLATED)
_1048_/A1                               0.750000    1.288194   -0.538194 (VIOLATED)
_1049_/A1                               0.750000    1.288195   -0.538195 (VIOLATED)
_1050_/A1                               0.750000    1.288195   -0.538195 (VIOLATED)
_0996_/A1                               0.750000    1.288193   -0.538193 (VIOLATED)
_0989_/A1                               0.750000    1.288188   -0.538188 (VIOLATED)
_1020_/A1                               0.750000    1.288189   -0.538189 (VIOLATED)
_1022_/A1                               0.750000    1.288186   -0.538186 (VIOLATED)
_1023_/A1                               0.750000    1.288186   -0.538186 (VIOLATED)
_1040_/A1                               0.750000    1.288186   -0.538186 (VIOLATED)
_0840_/A1                               0.750000    1.288186   -0.538186 (VIOLATED)
_0976_/A1                               0.750000    1.288185   -0.538186 (VIOLATED)
_1004_/A1                               0.750000    1.288185   -0.538186 (VIOLATED)
_1005_/A1                               0.750000    1.288185   -0.538186 (VIOLATED)
_1006_/A1                               0.750000    1.288185   -0.538186 (VIOLATED)
_1007_/A1                               0.750000    1.288185   -0.538185 (VIOLATED)
_1039_/A1                               0.750000    1.288185   -0.538185 (VIOLATED)
_1041_/A1                               0.750000    1.288185   -0.538185 (VIOLATED)
_0993_/A1                               0.750000    1.288184   -0.538184 (VIOLATED)
_0998_/A1                               0.750000    1.288185   -0.538185 (VIOLATED)
_0997_/A1                               0.750000    1.288184   -0.538184 (VIOLATED)
_0994_/A1                               0.750000    1.288183   -0.538183 (VIOLATED)
_0999_/A1                               0.750000    1.288182   -0.538182 (VIOLATED)
_0995_/A1                               0.750000    1.288182   -0.538182 (VIOLATED)
_1042_/A1                               0.750000    1.288181   -0.538181 (VIOLATED)
_1037_/A1                               0.750000    1.288179   -0.538179 (VIOLATED)
_1025_/A1                               0.750000    1.288177   -0.538177 (VIOLATED)
_1021_/A1                               0.750000    1.288174   -0.538174 (VIOLATED)
_1026_/A1                               0.750000    1.288173   -0.538173 (VIOLATED)
_1024_/A1                               0.750000    1.288172   -0.538172 (VIOLATED)
_1027_/A1                               0.750000    1.288167   -0.538167 (VIOLATED)
_1033_/A1                               0.750000    1.288167   -0.538167 (VIOLATED)
_1034_/A1                               0.750000    1.288166   -0.538166 (VIOLATED)
_1028_/A1                               0.750000    1.288165   -0.538166 (VIOLATED)
_1029_/A1                               0.750000    1.288162   -0.538162 (VIOLATED)
_1035_/A1                               0.750000    1.288161   -0.538161 (VIOLATED)
_1036_/A1                               0.750000    1.288161   -0.538161 (VIOLATED)
_0570_/Y                                0.750000    1.288157   -0.538157 (VIOLATED)
_1030_/A1                               0.750000    1.288157   -0.538157 (VIOLATED)
_1031_/A1                               0.750000    1.288157   -0.538157 (VIOLATED)
_1032_/A1                               0.750000    1.288157   -0.538157 (VIOLATED)

max fanout

Pin                                   Limit Fanout  Slack
---------------------------------------------------------
i_clk                                    10    211   -201 (VIOLATED)
i_rst_n                                  10    203   -193 (VIOLATED)
_0570_/Y                                 10     93    -83 (VIOLATED)
_1260_/Q                                 10     93    -83 (VIOLATED)
_1190_/Q                                 10     21    -11 (VIOLATED)
_1199_/Q                                 10     21    -11 (VIOLATED)
_0539_/Y                                 10     14     -4 (VIOLATED)
_1129_/Q                                 10     14     -4 (VIOLATED)
_1232_/Q                                 10     11        (VIOLATED)
_1253_/Q                                 10     11        (VIOLATED)

max capacitance

Pin                                        Limit         Cap       Slack
------------------------------------------------------------------------
i_rst_n                                 0.200000    0.748776   -0.548776 (VIOLATED)
i_clk                                   0.200000    0.519457   -0.319457 (VIOLATED)
_1260_/Q                                0.200000    0.301650   -0.101650 (VIOLATED)
_0570_/Y                                0.200000    0.289507   -0.089507 (VIOLATED)



===========================================================================
report_parasitic_annotation -report_unannotated
============================================================================
Found 7 unannotated drivers.
 i_clk_div_lsb[0]
 i_mode_reg[2]
 i_mode_reg[4]
 _1279_/HI
 _1280_/HI
 _1281_/HI
 _1282_/HI
Found 2 partially unannotated drivers.
 io_scl
 io_sda

===========================================================================
max slew violation count 604
Writing metric design__max_slew_violation__count__corner:nom_tt_025C_1v80: 604
max fanout violation count 10
Writing metric design__max_fanout_violation__count__corner:nom_tt_025C_1v80: 10
max cap violation count 4
Writing metric design__max_cap_violation__count__corner:nom_tt_025C_1v80: 4
============================================================================

===========================================================================
check_setup -verbose -unconstrained_endpoints -multiple_clock -no_clock -no_input_delay -loops -generated_clocks
===========================================================================
