Clock: i_clk
Sources: i_clk 
Generated: no
Virtual: yes
Propagated: no
Period: 32.000000

===========================================================================
report_clock_properties
============================================================================
Clock                   Period          Waveform
----------------------------------------------------
i_clk                32.000000    0.000000 16.000000

===========================================================================
report_clock_latency
============================================================================
Clock i_clk
rise -> rise
    min     max
0.000000 0.000000 source latency
1.583925         network latency _1208_/CLK
        1.600568 network latency _1261_/CLK
---------------
1.583925 1.600568 latency
        0.016643 skew

fall -> fall
    min     max
0.000000 0.000000 source latency
0.782773         network latency _1208_/CLK
        0.798352 network latency _1261_/CLK
---------------
0.782773 0.798352 latency
        0.015579 skew



===========================================================================
report_clock_min_period
============================================================================
i_clk period_min = 2.73 fmax = 366.72
