
===========================================================================
 report_power
============================================================================
======================= nom_tt_025C_1v80 Corner ===================================

Group                    Internal    Switching      Leakage        Total
                            Power        Power        Power        Power (Watts)
------------------------------------------------------------------------
Sequential           2.805592e-04 3.819731e-06 2.469434e-09 2.843814e-04  94.2%
Combinational        1.084304e-05 6.630212e-06 2.047515e-09 1.747530e-05   5.8%
Clock                0.000000e+00 0.000000e+00 3.369641e-10 3.369641e-10   0.0%
Macro                0.000000e+00 0.000000e+00 0.000000e+00 0.000000e+00   0.0%
Pad                  0.000000e+00 0.000000e+00 0.000000e+00 0.000000e+00   0.0%
------------------------------------------------------------------------
Total                2.914022e-04 1.044994e-05 4.853912e-09 3.018570e-04 100.0%
                            96.5%         3.5%         0.0%
Writing metric power__internal__total: 0.0002914022479671985
Writing metric power__switching__total: 1.044994223775575e-5
Writing metric power__leakage__total: 4.8539123831403685e-9
Writing metric power__total: 0.0003018570423591882

