Clock: i_clk
Sources: i_clk 
Generated: no
Virtual: yes
Propagated: no
Period: 32.000000

===========================================================================
report_clock_properties
============================================================================
Clock                   Period          Waveform
----------------------------------------------------
i_clk                32.000000    0.000000 16.000000

===========================================================================
report_clock_latency
============================================================================
Clock i_clk
rise -> rise
    min     max
0.000000 0.000000 source latency
0.510747         network latency _1190_/CLK
        0.519864 network latency _1201_/CLK
---------------
0.510747 0.519864 latency
        0.009116 skew

fall -> fall
    min     max
0.000000 0.000000 source latency
0.491410         network latency _1190_/CLK
        0.497565 network latency _1201_/CLK
---------------
0.491410 0.497565 latency
        0.006155 skew



===========================================================================
report_clock_min_period
============================================================================
i_clk period_min = 2.70 fmax = 370.55
